Component: ARM Compiler 5.06 update 7 (build 960) Tool: armlink [4d3601]

==============================================================================

Section Cross References

    startup_stm32f103xb.o(STACK) refers (Special) to heapauxi.o(.text) for __use_two_region_memory
    startup_stm32f103xb.o(HEAP) refers (Special) to heapauxi.o(.text) for __use_two_region_memory
    startup_stm32f103xb.o(RESET) refers (Special) to heapauxi.o(.text) for __use_two_region_memory
    startup_stm32f103xb.o(RESET) refers to startup_stm32f103xb.o(STACK) for __initial_sp
    startup_stm32f103xb.o(RESET) refers to startup_stm32f103xb.o(.text) for Reset_Handler
    startup_stm32f103xb.o(RESET) refers to stm32f1xx_it.o(i.NMI_Handler) for NMI_Handler
    startup_stm32f103xb.o(RESET) refers to stm32f1xx_it.o(i.HardFault_Handler) for HardFault_Handler
    startup_stm32f103xb.o(RESET) refers to stm32f1xx_it.o(i.MemManage_Handler) for MemManage_Handler
    startup_stm32f103xb.o(RESET) refers to stm32f1xx_it.o(i.BusFault_Handler) for BusFault_Handler
    startup_stm32f103xb.o(RESET) refers to stm32f1xx_it.o(i.UsageFault_Handler) for UsageFault_Handler
    startup_stm32f103xb.o(RESET) refers to port.o(.emb_text) for SVC_Handler
    startup_stm32f103xb.o(RESET) refers to stm32f1xx_it.o(i.DebugMon_Handler) for DebugMon_Handler
    startup_stm32f103xb.o(RESET) refers to port.o(i.SysTick_Handler) for SysTick_Handler
    startup_stm32f103xb.o(RESET) refers to stm32f1xx_it.o(i.EXTI0_IRQHandler) for EXTI0_IRQHandler
    startup_stm32f103xb.o(RESET) refers to stm32f1xx_it.o(i.EXTI1_IRQHandler) for EXTI1_IRQHandler
    startup_stm32f103xb.o(RESET) refers to stm32f1xx_it.o(i.EXTI2_IRQHandler) for EXTI2_IRQHandler
    startup_stm32f103xb.o(RESET) refers to stm32f1xx_it.o(i.EXTI9_5_IRQHandler) for EXTI9_5_IRQHandler
    startup_stm32f103xb.o(RESET) refers to stm32f1xx_it.o(i.TIM4_IRQHandler) for TIM4_IRQHandler
    startup_stm32f103xb.o(RESET) refers to stm32f1xx_it.o(i.EXTI15_10_IRQHandler) for EXTI15_10_IRQHandler
    startup_stm32f103xb.o(.text) refers (Special) to heapauxi.o(.text) for __use_two_region_memory
    startup_stm32f103xb.o(.text) refers to system_stm32f1xx.o(i.SystemInit) for SystemInit
    startup_stm32f103xb.o(.text) refers to __main.o(!!!main) for __main
    startup_stm32f103xb.o(.text) refers to startup_stm32f103xb.o(HEAP) for Heap_Mem
    startup_stm32f103xb.o(.text) refers to startup_stm32f103xb.o(STACK) for Stack_Mem
    main.o(i.HAL_TIM_PeriodElapsedCallback) refers to stm32f1xx_hal.o(i.HAL_IncTick) for HAL_IncTick
    main.o(i.SystemClock_Config) refers to rt_memclr_w.o(.text) for __aeabi_memclr4
    main.o(i.SystemClock_Config) refers to stm32f1xx_hal_rcc.o(i.HAL_RCC_OscConfig) for HAL_RCC_OscConfig
    main.o(i.SystemClock_Config) refers to main.o(i.Error_Handler) for Error_Handler
    main.o(i.SystemClock_Config) refers to stm32f1xx_hal_rcc.o(i.HAL_RCC_ClockConfig) for HAL_RCC_ClockConfig
    main.o(i.SystemClock_Config) refers to stm32f1xx_hal_rcc_ex.o(i.HAL_RCCEx_PeriphCLKConfig) for HAL_RCCEx_PeriphCLKConfig
    main.o(i.main) refers to stm32f1xx_hal.o(i.HAL_Init) for HAL_Init
    main.o(i.main) refers to main.o(i.SystemClock_Config) for SystemClock_Config
    main.o(i.main) refers to gpio.o(i.MX_GPIO_Init) for MX_GPIO_Init
    main.o(i.main) refers to i2c.o(i.MX_I2C1_Init) for MX_I2C1_Init
    main.o(i.main) refers to spi.o(i.MX_SPI2_Init) for MX_SPI2_Init
    main.o(i.main) refers to adc.o(i.MX_ADC1_Init) for MX_ADC1_Init
    main.o(i.main) refers to adc.o(i.MX_ADC2_Init) for MX_ADC2_Init
    main.o(i.main) refers to stm32f1xx_hal.o(i.HAL_Delay) for HAL_Delay
    main.o(i.main) refers to oled.o(i.OLED_Init) for OLED_Init
    main.o(i.main) refers to freertos.o(i.MX_FREERTOS_Init) for MX_FREERTOS_Init
    main.o(i.main) refers to cmsis_os.o(i.osKernelStart) for osKernelStart
    gpio.o(i.MX_GPIO_Init) refers to stm32f1xx_hal_gpio.o(i.HAL_GPIO_WritePin) for HAL_GPIO_WritePin
    gpio.o(i.MX_GPIO_Init) refers to stm32f1xx_hal_gpio.o(i.HAL_GPIO_Init) for HAL_GPIO_Init
    gpio.o(i.MX_GPIO_Init) refers to stm32f1xx_hal_cortex.o(i.HAL_NVIC_SetPriority) for HAL_NVIC_SetPriority
    gpio.o(i.MX_GPIO_Init) refers to stm32f1xx_hal_cortex.o(i.HAL_NVIC_EnableIRQ) for HAL_NVIC_EnableIRQ
    freertos.o(i.MX_FREERTOS_Init) refers to rt_memcpy_w.o(.text) for __aeabi_memcpy4
    freertos.o(i.MX_FREERTOS_Init) refers to cmsis_os.o(i.osThreadCreate) for osThreadCreate
    freertos.o(i.MX_FREERTOS_Init) refers to freertos.o(.constdata) for .constdata
    freertos.o(i.MX_FREERTOS_Init) refers to freertos.o(.data) for .data
    freertos.o(i.StartDefaultTask) refers to cmsis_os.o(i.osDelay) for osDelay
    freertos.o(i.vApplicationGetIdleTaskMemory) refers to freertos.o(.bss) for .bss
    freertos.o(.constdata) refers to freertos.o(.conststring) for .conststring
    freertos.o(.constdata) refers to freertos.o(i.StartDefaultTask) for StartDefaultTask
    freertos.o(.constdata) refers to remoter.o(i.remote_task) for remote_task
[...]
    _printf_sizespec                         0x00000000   Number         0  printf_stubs.o ABSOLUTE
    _printf_widthprec                        0x00000000   Number         0  printf_stubs.o ABSOLUTE
    __ARM_exceptions_init                     - Undefined Weak Reference
    __alloca_initialize                       - Undefined Weak Reference
    __arm_fini_                               - Undefined Weak Reference
    __arm_preinit_                            - Undefined Weak Reference
    __cpp_initialize__aeabi_                  - Undefined Weak Reference
    __cxa_finalize                            - Undefined Weak Reference
    __sigvec_lookup                           - Undefined Weak Reference
    _atexit_init                              - Undefined Weak Reference
    _call_atexit_fns                          - Undefined Weak Reference
    _clock_init                               - Undefined Weak Reference
    _fp_trap_init                             - Undefined Weak Reference
    _fp_trap_shutdown                         - Undefined Weak Reference
    _get_lc_collate                           - Undefined Weak Reference
    _get_lc_monetary                          - Undefined Weak Reference
    _get_lc_time                              - Undefined Weak Reference
    _getenv_init                              - Undefined Weak Reference
    _handle_redirection                       - Undefined Weak Reference
    _init_alloc                               - Undefined Weak Reference
    _init_user_alloc                          - Undefined Weak Reference
    _initio                                   - Undefined Weak Reference
    _printf_mbtowc                            - Undefined Weak Reference
    _printf_wc                                - Undefined Weak Reference
    _rand_init                                - Undefined Weak Reference
    _signal_finish                            - Undefined Weak Reference
    _signal_init                              - Undefined Weak Reference
    _terminate_alloc                          - Undefined Weak Reference
    _terminate_user_alloc                     - Undefined Weak Reference
    _terminateio                              - Undefined Weak Reference
    __Vectors_Size                           0x000000ec   Number         0  startup_stm32f103xb.o ABSOLUTE
    __Vectors                                0x08000000   Data           4  startup_stm32f103xb.o(RESET)
    __Vectors_End                            0x080000ec   Data           0  startup_stm32f103xb.o(RESET)
    __main                                   0x080000ed   Thumb Code     8  __main.o(!!!main)
    __scatterload                            0x080000f5   Thumb Code     0  __scatter.o(!!!scatter)
    __scatterload_rt2                        0x080000f5   Thumb Code    44  __scatter.o(!!!scatter)
    __scatterload_rt2_thumb_only             0x080000f5   Thumb Code     0  __scatter.o(!!!scatter)
    __scatterload_null                       0x08000103   Thumb Code     0  __scatter.o(!!!scatter)
    __scatterload_copy                       0x08000129   Thumb Code    26  __scatter_copy.o(!!handler_copy)
    __scatterload_zeroinit                   0x08000145   Thumb Code    28  __scatter_zi.o(!!handler_zi)
    _printf_n                                0x08000161   Thumb Code     0  _printf_n.o(.ARM.Collect$$_printf_percent$$00000001)
    _printf_percent                          0x08000161   Thumb Code     0  _printf_percent.o(.ARM.Collect$$_printf_percent$$00000000)
    _printf_p                                0x08000167   Thumb Code     0  _printf_p.o(.ARM.Collect$$_printf_percent$$00000002)
    _printf_f                                0x0800016d   Thumb Code     0  _printf_f.o(.ARM.Collect$$_printf_percent$$00000003)
    _printf_e                                0x08000173   Thumb Code     0  _printf_e.o(.ARM.Collect$$_printf_percent$$00000004)
    _printf_g                                0x08000179   Thumb Code     0  _printf_g.o(.ARM.Collect$$_printf_percent$$00000005)
    _printf_a                                0x0800017f   Thumb Code     0  _printf_a.o(.ARM.Collect$$_printf_percent$$00000006)
    _printf_ll                               0x08000185   Thumb Code     0  _printf_ll.o(.ARM.Collect$$_printf_percent$$00000007)
    _printf_i                                0x0800018f   Thumb Code     0  _printf_i.o(.ARM.Collect$$_printf_percent$$00000008)
    _printf_d                                0x08000195   Thumb Code     0  _printf_d.o(.ARM.Collect$$_printf_percent$$00000009)
    _printf_u                                0x0800019b   Thumb Code     0  _printf_u.o(.ARM.Collect$$_printf_percent$$0000000A)
    _printf_o                                0x080001a1   Thumb Code     0  _printf_o.o(.ARM.Collect$$_printf_percent$$0000000B)
    _printf_x                                0x080001a7   Thumb Code     0  _printf_x.o(.ARM.Collect$$_printf_percent$$0000000C)
    _printf_lli                              0x080001ad   Thumb Code     0  _printf_lli.o(.ARM.Collect$$_printf_percent$$0000000D)
    _printf_lld                              0x080001b3   Thumb Code     0  _printf_lld.o(.ARM.Collect$$_printf_percent$$0000000E)
    _printf_llu                              0x080001b9   Thumb Code     0  _printf_llu.o(.ARM.Collect$$_printf_percent$$0000000F)
    _printf_llo                              0x080001bf   Thumb Code     0  _printf_llo.o(.ARM.Collect$$_printf_percent$$00000010)
    _printf_llx                              0x080001c5   Thumb Code     0  _printf_llx.o(.ARM.Collect$$_printf_percent$$00000011)
    _printf_l                                0x080001cb   Thumb Code     0  _printf_l.o(.ARM.Collect$$_printf_percent$$00000012)
    _printf_c                                0x080001d5   Thumb Code     0  _printf_c.o(.ARM.Collect$$_printf_percent$$00000013)
    _printf_s                                0x080001db   Thumb Code     0  _printf_s.o(.ARM.Collect$$_printf_percent$$00000014)
    _printf_lc                               0x080001e1   Thumb Code     0  _printf_lc.o(.ARM.Collect$$_printf_percent$$00000015)
    _printf_ls                               0x080001e7   Thumb Code     0  _printf_ls.o(.ARM.Collect$$_printf_percent$$00000016)
    _printf_percent_end                      0x080001ed   Thumb Code     0  _printf_percent_end.o(.ARM.Collect$$_printf_percent$$00000017)
    __rt_lib_init                            0x080001f1   Thumb Code     0  libinit.o(.ARM.Collect$$libinit$$00000000)
    __rt_lib_init_fp_1                       0x080001f3   Thumb Code     0  libinit2.o(.ARM.Collect$$libinit$$00000002)
    __rt_lib_init_heap_1                     0x080001f3   Thumb Code     0  libinit2.o(.ARM.Collect$$libinit$$0000000A)
    __rt_lib_init_lc_common                  0x080001f3   Thumb Code     0  libinit2.o(.ARM.Collect$$libinit$$0000000F)
    __rt_lib_init_preinit_1                  0x080001f3   Thumb Code     0  libinit2.o(.ARM.Collect$$libinit$$00000004)
    __rt_lib_init_rand_1                     0x080001f3   Thumb Code     0  libinit2.o(.ARM.Collect$$libinit$$0000000E)
    __rt_lib_init_user_alloc_1               0x080001f3   Thumb Code     0  libinit2.o(.ARM.Collect$$libinit$$0000000C)
    __rt_lib_init_lc_collate_1               0x080001f9   Thumb Code     0  libinit2.o(.ARM.Collect$$libinit$$00000011)
    __rt_lib_init_lc_ctype_2                 0x080001f9   Thumb Code     0  libinit2.o(.ARM.Collect$$libinit$$00000012)
    __rt_lib_init_lc_ctype_1                 0x08000205   Thumb Code     0  libinit2.o(.ARM.Collect$$libinit$$00000013)
    __rt_lib_init_lc_monetary_1              0x08000205   Thumb Code     0  libinit2.o(.ARM.Collect$$libinit$$00000015)
    __rt_lib_init_lc_numeric_2               0x08000205   Thumb Code     0  libinit2.o(.ARM.Collect$$libinit$$00000016)
    __rt_lib_init_alloca_1                   0x0800020f   Thumb Code     0  libinit2.o(.ARM.Collect$$libinit$$0000002E)
    __rt_lib_init_argv_1                     0x0800020f   Thumb Code     0  libinit2.o(.ARM.Collect$$libinit$$0000002C)
    __rt_lib_init_atexit_1                   0x0800020f   Thumb Code     0  libinit2.o(.ARM.Collect$$libinit$$0000001B)
    __rt_lib_init_clock_1                    0x0800020f   Thumb Code     0  libinit2.o(.ARM.Collect$$libinit$$00000021)
    __rt_lib_init_cpp_1                      0x0800020f   Thumb Code     0  libinit2.o(.ARM.Collect$$libinit$$00000032)
    __rt_lib_init_exceptions_1               0x0800020f   Thumb Code     0  libinit2.o(.ARM.Collect$$libinit$$00000030)
    __rt_lib_init_fp_trap_1                  0x0800020f   Thumb Code     0  libinit2.o(.ARM.Collect$$libinit$$0000001F)
    __rt_lib_init_getenv_1                   0x0800020f   Thumb Code     0  libinit2.o(.ARM.Collect$$libinit$$00000023)
    __rt_lib_init_lc_numeric_1               0x0800020f   Thumb Code     0  libinit2.o(.ARM.Collect$$libinit$$00000017)
    __rt_lib_init_lc_time_1                  0x0800020f   Thumb Code     0  libinit2.o(.ARM.Collect$$libinit$$00000019)
    __rt_lib_init_return                     0x0800020f   Thumb Code     0  libinit2.o(.ARM.Collect$$libinit$$00000033)
    __rt_lib_init_signal_1                   0x0800020f   Thumb Code     0  libinit2.o(.ARM.Collect$$libinit$$0000001D)
    __rt_lib_init_stdio_1                    0x0800020f   Thumb Code     0  libinit2.o(.ARM.Collect$$libinit$$00000025)
    __rt_lib_shutdown                        0x08000211   Thumb Code     0  libshutdown.o(.ARM.Collect$$libshutdown$$00000000)
    __rt_lib_shutdown_cpp_1                  0x08000213   Thumb Code     0  libshutdown2.o(.ARM.Collect$$libshutdown$$00000004)
    __rt_lib_shutdown_fini_1                 0x08000213   Thumb Code     0  libshutdown2.o(.ARM.Collect$$libshutdown$$00000002)
    __rt_lib_shutdown_fp_trap_1              0x08000213   Thumb Code     0  libshutdown2.o(.ARM.Collect$$libshutdown$$00000009)
    __rt_lib_shutdown_heap_1                 0x08000213   Thumb Code     0  libshutdown2.o(.ARM.Collect$$libshutdown$$00000011)
    __rt_lib_shutdown_return                 0x08000213   Thumb Code     0  libshutdown2.o(.ARM.Collect$$libshutdown$$00000012)
    __rt_lib_shutdown_signal_1               0x08000213   Thumb Code     0  libshutdown2.o(.ARM.Collect$$libshutdown$$0000000C)
    __rt_lib_shutdown_stdio_1                0x08000213   Thumb Code     0  libshutdown2.o(.ARM.Collect$$libshutdown$$00000006)
    __rt_lib_shutdown_user_alloc_1           0x08000213   Thumb Code     0  libshutdown2.o(.ARM.Collect$$libshutdown$$0000000E)
    __rt_entry                               0x08000215   Thumb Code     0  __rtentry.o(.ARM.Collect$$rtentry$$00000000)
    __rt_entry_presh_1                       0x08000215   Thumb Code     0  __rtentry2.o(.ARM.Collect$$rtentry$$00000002)
    __rt_entry_sh                            0x08000215   Thumb Code     0  __rtentry4.o(.ARM.Collect$$rtentry$$00000004)
    __rt_entry_li                            0x0800021b   Thumb Code     0  __rtentry2.o(.ARM.Collect$$rtentry$$0000000A)
    __rt_entry_postsh_1                      0x0800021b   Thumb Code     0  __rtentry2.o(.ARM.Collect$$rtentry$$00000009)
    __rt_entry_main                          0x0800021f   Thumb Code     0  __rtentry2.o(.ARM.Collect$$rtentry$$0000000D)
    __rt_entry_postli_1                      0x0800021f   Thumb Code     0  __rtentry2.o(.ARM.Collect$$rtentry$$0000000C)
    __rt_exit                                0x08000227   Thumb Code     0  rtexit.o(.ARM.Collect$$rtexit$$00000000)
    __rt_exit_ls                             0x08000229   Thumb Code     0  rtexit2.o(.ARM.Collect$$rtexit$$00000003)
    __rt_exit_prels_1                        0x08000229   Thumb Code     0  rtexit2.o(.ARM.Collect$$rtexit$$00000002)
    __rt_exit_exit                           0x0800022d   Thumb Code     0  rtexit2.o(.ARM.Collect$$rtexit$$00000004)
    SVC_Handler                              0x08000235   Thumb Code    32  port.o(.emb_text)
    __asm___6_port_c_39a90d8d__prvStartFirstTask 0x08000259   Thumb Code    28  port.o(.emb_text)
    PendSV_Handler                           0x08000279   Thumb Code    72  port.o(.emb_text)
    vPortGetIPSR                             0x080002c5   Thumb Code     6  port.o(.emb_text)
    Reset_Handler                            0x080002cd   Thumb Code     8  startup_stm32f103xb.o(.text)
    ADC1_2_IRQHandler                        0x080002e7   Thumb Code     0  startup_stm32f103xb.o(.text)
    CAN1_RX1_IRQHandler                      0x080002e7   Thumb Code     0  startup_stm32f103xb.o(.text)
    CAN1_SCE_IRQHandler                      0x080002e7   Thumb Code     0  startup_stm32f103xb.o(.text)
    DMA1_Channel1_IRQHandler                 0x080002e7   Thumb Code     0  startup_stm32f103xb.o(.text)
    DMA1_Channel2_IRQHandler                 0x080002e7   Thumb Code     0  startup_stm32f103xb.o(.text)
    DMA1_Channel3_IRQHandler                 0x080002e7   Thumb Code     0  startup_stm32f103xb.o(.text)
    DMA1_Channel4_IRQHandler                 0x080002e7   Thumb Code     0  startup_stm32f103xb.o(.text)
    DMA1_Channel5_IRQHandler                 0x080002e7   Thumb Code     0  startup_stm32f103xb.o(.text)
    DMA1_Channel6_IRQHandler                 0x080002e7   Thumb Code     0  startup_stm32f103xb.o(.text)
    DMA1_Channel7_IRQHandler                 0x080002e7   Thumb Code     0  startup_stm32f103xb.o(.text)
    EXTI3_IRQHandler                         0x080002e7   Thumb Code     0  startup_stm32f103xb.o(.text)
    EXTI4_IRQHandler                         0x080002e7   Thumb Code     0  startup_stm32f103xb.o(.text)
    FLASH_IRQHandler                         0x080002e7   Thumb Code     0  startup_stm32f103xb.o(.text)
    I2C1_ER_IRQHandler                       0x080002e7   Thumb Code     0  startup_stm32f103xb.o(.text)
    I2C1_EV_IRQHandler                       0x080002e7   Thumb Code     0  startup_stm32f103xb.o(.text)
    I2C2_ER_IRQHandler                       0x080002e7   Thumb Code     0  startup_stm32f103xb.o(.text)
    I2C2_EV_IRQHandler                       0x080002e7   Thumb Code     0  startup_stm32f103xb.o(.text)
    PVD_IRQHandler                           0x080002e7   Thumb Code     0  startup_stm32f103xb.o(.text)
    RCC_IRQHandler                           0x080002e7   Thumb Code     0  startup_stm32f103xb.o(.text)
    RTC_Alarm_IRQHandler                     0x080002e7   Thumb Code     0  startup_stm32f103xb.o(.text)
    RTC_IRQHandler                           0x080002e7   Thumb Code     0  startup_stm32f103xb.o(.text)
    SPI1_IRQHandler                          0x080002e7   Thumb Code     0  startup_stm32f103xb.o(.text)
    SPI2_IRQHandler                          0x080002e7   Thumb Code     0  startup_stm32f103xb.o(.text)
    TAMPER_IRQHandler                        0x080002e7   Thumb Code     0  startup_stm32f103xb.o(.text)
    TIM1_BRK_IRQHandler                      0x080002e7   Thumb Code     0  startup_stm32f103xb.o(.text)
    TIM1_CC_IRQHandler                       0x080002e7   Thumb Code     0  startup_stm32f103xb.o(.text)
    TIM1_TRG_COM_IRQHandler                  0x080002e7   Thumb Code     0  startup_stm32f103xb.o(.text)
    TIM1_UP_IRQHandler                       0x080002e7   Thumb Code     0  startup_stm32f103xb.o(.text)
    TIM2_IRQHandler                          0x080002e7   Thumb Code     0  startup_stm32f103xb.o(.text)
    TIM3_IRQHandler                          0x080002e7   Thumb Code     0  startup_stm32f103xb.o(.text)
    USART1_IRQHandler                        0x080002e7   Thumb Code     0  startup_stm32f103xb.o(.text)
    USART2_IRQHandler                        0x080002e7   Thumb Code     0  startup_stm32f103xb.o(.text)
    USART3_IRQHandler                        0x080002e7   Thumb Code     0  startup_stm32f103xb.o(.text)
    USBWakeUp_IRQHandler                     0x080002e7   Thumb Code     0  startup_stm32f103xb.o(.text)
    USB_HP_CAN1_TX_IRQHandler                0x080002e7   Thumb Code     0  startup_stm32f103xb.o(.text)
    USB_LP_CAN1_RX0_IRQHandler               0x080002e7   Thumb Code     0  startup_stm32f103xb.o(.text)
    WWDG_IRQHandler                          0x080002e7   Thumb Code     0  startup_stm32f103xb.o(.text)
    __user_initial_stackheap                 0x080002e9   Thumb Code     0  startup_stm32f103xb.o(.text)
    vsnprintf                                0x0800030d   Thumb Code    48  vsnprintf.o(.text)
    memcmp                                   0x08000341   Thumb Code    88  memcmp.o(.text)
    __aeabi_memcpy                           0x08000399   Thumb Code     0  rt_memcpy_v6.o(.text)
    __rt_memcpy                              0x08000399   Thumb Code   138  rt_memcpy_v6.o(.text)
    _memcpy_lastbytes                        0x080003ff   Thumb Code     0  rt_memcpy_v6.o(.text)
    __aeabi_memcpy4                          0x08000423   Thumb Code     0  rt_memcpy_w.o(.text)
    __aeabi_memcpy8                          0x08000423   Thumb Code     0  rt_memcpy_w.o(.text)
    __rt_memcpy_w                            0x08000423   Thumb Code   100  rt_memcpy_w.o(.text)
    _memcpy_lastbytes_aligned                0x0800046b   Thumb Code     0  rt_memcpy_w.o(.text)
    __aeabi_memclr                           0x08000487   Thumb Code     0  rt_memclr.o(.text)
    __rt_memclr                              0x08000487   Thumb Code    68  rt_memclr.o(.text)
    _memset                                  0x0800048b   Thumb Code     0  rt_memclr.o(.text)
    __aeabi_memclr4                          0x080004cb   Thumb Code     0  rt_memclr_w.o(.text)
    __aeabi_memclr8                          0x080004cb   Thumb Code     0  rt_memclr_w.o(.text)
    __rt_memclr_w                            0x080004cb   Thumb Code    78  rt_memclr_w.o(.text)
    _memset_w                                0x080004cf   Thumb Code     0  rt_memclr_w.o(.text)
    __use_two_region_memory                  0x08000519   Thumb Code     2  heapauxi.o(.text)
    __rt_heap_escrow$2region                 0x0800051b   Thumb Code     2  heapauxi.o(.text)
    __rt_heap_expand$2region                 0x0800051d   Thumb Code     2  heapauxi.o(.text)
    _printf_pre_padding                      0x0800051f   Thumb Code    44  _printf_pad.o(.text)
    _printf_post_padding                     0x0800054b   Thumb Code    34  _printf_pad.o(.text)
    _printf_truncate_signed                  0x0800056d   Thumb Code    18  _printf_truncate.o(.text)
    _printf_truncate_unsigned                0x0800057f   Thumb Code    18  _printf_truncate.o(.text)
    _printf_str                              0x08000591   Thumb Code    82  _printf_str.o(.text)
    _printf_int_dec                          0x080005e5   Thumb Code   104  _printf_dec.o(.text)
    _printf_charcount                        0x0800065d   Thumb Code    40  _printf_charcount.o(.text)
    _printf_char_common                      0x0800068f   Thumb Code    32  _printf_char_common.o(.text)
    _sputc                                   0x080006b5   Thumb Code    10  _sputc.o(.text)
    _snputc                                  0x080006bf   Thumb Code    16  _snputc.o(.text)
    _printf_wctomb                           0x080006d1   Thumb Code   182  _printf_wctomb.o(.text)
    _printf_longlong_dec                     0x0800078d   Thumb Code   108  _printf_longlong_dec.o(.text)
    _printf_longlong_oct                     0x08000809   Thumb Code    66  _printf_oct_int_ll.o(.text)
    _printf_int_oct                          0x0800084b   Thumb Code    24  _printf_oct_int_ll.o(.text)
    _printf_ll_oct                           0x08000863   Thumb Code    12  _printf_oct_int_ll.o(.text)
    _printf_longlong_hex                     0x08000879   Thumb Code    86  _printf_hex_int_ll_ptr.o(.text)
    _printf_int_hex                          0x080008cf   Thumb Code    28  _printf_hex_int_ll_ptr.o(.text)
    _printf_ll_hex                           0x080008eb   Thumb Code    12  _printf_hex_int_ll_ptr.o(.text)
    _printf_hex_ptr                          0x080008f7   Thumb Code    18  _printf_hex_int_ll_ptr.o(.text)
    __printf                                 0x0800090d   Thumb Code   388  __printf_flags_ss_wp.o(.text)
    _ll_udiv10                               0x08000a95   Thumb Code   138  lludiv10.o(.text)
    _printf_int_common                       0x08000b1f   Thumb Code   178  _printf_intcommon.o(.text)
    __lib_sel_fp_printf                      0x08000bd1   Thumb Code     2  _printf_fp_dec.o(.text)
    _printf_fp_dec_real                      0x08000d83   Thumb Code   620  _printf_fp_dec.o(.text)
    _printf_fp_hex_real                      0x08000ff1   Thumb Code   756  _printf_fp_hex.o(.text)
    _printf_cs_common                        0x080012ed   Thumb Code    20  _printf_char.o(.text)
    _printf_char                             0x08001301   Thumb Code    16  _printf_char.o(.text)
    _printf_string                           0x08001311   Thumb Code     8  _printf_char.o(.text)
    _printf_lcs_common                       0x08001319   Thumb Code    20  _printf_wchar.o(.text)
    _printf_wchar                            0x0800132d   Thumb Code    16  _printf_wchar.o(.text)
    _printf_wstring                          0x0800133d   Thumb Code     8  _printf_wchar.o(.text)
    _wcrtomb                                 0x08001345   Thumb Code    64  _wcrtomb.o(.text)
    __user_setup_stackheap                   0x08001385   Thumb Code    74  sys_stackheap_outer.o(.text)
    __rt_ctype_table                         0x080013d1   Thumb Code    16  rt_ctype_table.o(.text)
    __rt_locale                              0x080013e1   Thumb Code     8  rt_locale_intlibspace.o(.text)
    _printf_fp_infnan                        0x080013e9   Thumb Code   112  _printf_fp_infnan.o(.text)
    _btod_etento                             0x08001469   Thumb Code   224  bigflt0.o(.text)
    exit                                     0x0800154d   Thumb Code    18  exit.o(.text)
    __user_libspace                          0x08001561   Thumb Code     8  libspace.o(.text)
    __user_perproc_libspace                  0x08001561   Thumb Code     0  libspace.o(.text)
    __user_perthread_libspace                0x08001561   Thumb Code     0  libspace.o(.text)
    strcmp                                   0x08001569   Thumb Code   128  strcmpv7m.o(.text)
    _sys_exit                                0x080015e9   Thumb Code     8  sys_exit.o(.text)
    __I$use$semihosting                      0x080015f5   Thumb Code     0  use_no_semi.o(.text)
    __use_no_semihosting_swi                 0x080015f5   Thumb Code     2  use_no_semi.o(.text)
    __semihosting_library_function           0x080015f7   Thumb Code     0  indicate_semi.o(.text)
    _btod_d2e                                0x080015f7   Thumb Code    62  btod.o(CL$$btod_d2e)
    _d2e_denorm_low                          0x08001635   Thumb Code    70  btod.o(CL$$btod_d2e_denorm_low)
    _d2e_norm_op1                            0x0800167b   Thumb Code    96  btod.o(CL$$btod_d2e_norm_op1)
    __btod_div_common                        0x080016db   Thumb Code   696  btod.o(CL$$btod_div_common)
    _e2e                                     0x08001a13   Thumb Code   220  btod.o(CL$$btod_e2e)
    _btod_ediv                               0x08001aef   Thumb Code    42  btod.o(CL$$btod_ediv)
    _btod_emul                               0x08001b19   Thumb Code    42  btod.o(CL$$btod_emul)
    __btod_mult_common                       0x08001b43   Thumb Code   580  btod.o(CL$$btod_mult_common)
    ADC_ConversionStop_Disable               0x08001d87   Thumb Code    84  stm32f1xx_hal_adc.o(i.ADC_ConversionStop_Disable)
    BusFault_Handler                         0x08001ddb   Thumb Code     2  stm32f1xx_it.o(i.BusFault_Handler)
    DebugMon_Handler                         0x08001ddd   Thumb Code     2  stm32f1xx_it.o(i.DebugMon_Handler)
    EXTI0_IRQHandler                         0x08001ddf   Thumb Code     6  stm32f1xx_it.o(i.EXTI0_IRQHandler)
    EXTI15_10_IRQHandler                     0x08001de5   Thumb Code    30  stm32f1xx_it.o(i.EXTI15_10_IRQHandler)
    EXTI1_IRQHandler                         0x08001e03   Thumb Code     6  stm32f1xx_it.o(i.EXTI1_IRQHandler)
    EXTI2_IRQHandler                         0x08001e09   Thumb Code     6  stm32f1xx_it.o(i.EXTI2_IRQHandler)
    EXTI9_5_IRQHandler                       0x08001e0f   Thumb Code    32  stm32f1xx_it.o(i.EXTI9_5_IRQHandler)
    Error_Handler                            0x08001e2f   Thumb Code     4  main.o(i.Error_Handler)
    HAL_ADC_ConfigChannel                    0x08001e35   Thumb Code   250  stm32f1xx_hal_adc.o(i.HAL_ADC_ConfigChannel)
    HAL_ADC_Init                             0x08001f3d   Thumb Code   272  stm32f1xx_hal_adc.o(i.HAL_ADC_Init)
    HAL_ADC_MspInit                          0x08002055   Thumb Code   126  adc.o(i.HAL_ADC_MspInit)
    HAL_Delay                                0x080020e5   Thumb Code    32  stm32f1xx_hal.o(i.HAL_Delay)
    HAL_GPIO_EXTI_Callback                   0x08002109   Thumb Code    36  key.o(i.HAL_GPIO_EXTI_Callback)
    HAL_GPIO_EXTI_IRQHandler                 0x08002131   Thumb Code    18  stm32f1xx_hal_gpio.o(i.HAL_GPIO_EXTI_IRQHandler)
    HAL_GPIO_Init                            0x08002149   Thumb Code   464  stm32f1xx_hal_gpio.o(i.HAL_GPIO_Init)
    HAL_GPIO_WritePin                        0x08002339   Thumb Code    14  stm32f1xx_hal_gpio.o(i.HAL_GPIO_WritePin)
    HAL_GetTick                              0x08002349   Thumb Code     6  stm32f1xx_hal.o(i.HAL_GetTick)
    HAL_I2C_Init                             0x08002355   Thumb Code   392  stm32f1xx_hal_i2c.o(i.HAL_I2C_Init)
    HAL_I2C_Master_Transmit                  0x080024ed   Thumb Code   318  stm32f1xx_hal_i2c.o(i.HAL_I2C_Master_Transmit)
    HAL_I2C_MspInit                          0x08002635   Thumb Code    96  i2c.o(i.HAL_I2C_MspInit)
    HAL_IncTick                              0x080026a5   Thumb Code    12  stm32f1xx_hal.o(i.HAL_IncTick)
    HAL_Init                                 0x080026b5   Thumb Code    32  stm32f1xx_hal.o(i.HAL_Init)
    HAL_InitTick                             0x080026d9   Thumb Code   132  stm32f1xx_hal_timebase_tim.o(i.HAL_InitTick)
    HAL_MspInit                              0x08002771   Thumb Code    62  stm32f1xx_hal_msp.o(i.HAL_MspInit)
    HAL_NVIC_EnableIRQ                       0x080027b9   Thumb Code    26  stm32f1xx_hal_cortex.o(i.HAL_NVIC_EnableIRQ)
    HAL_NVIC_SetPriority                     0x080027d5   Thumb Code    60  stm32f1xx_hal_cortex.o(i.HAL_NVIC_SetPriority)
    HAL_NVIC_SetPriorityGrouping             0x08002815   Thumb Code    26  stm32f1xx_hal_cortex.o(i.HAL_NVIC_SetPriorityGrouping)
    HAL_RCCEx_PeriphCLKConfig                0x08002839   Thumb Code   256  stm32f1xx_hal_rcc_ex.o(i.HAL_RCCEx_PeriphCLKConfig)
    HAL_RCC_ClockConfig                      0x08002945   Thumb Code   318  stm32f1xx_hal_rcc.o(i.HAL_RCC_ClockConfig)
    HAL_RCC_GetClockConfig                   0x08002a99   Thumb Code    52  stm32f1xx_hal_rcc.o(i.HAL_RCC_GetClockConfig)
    HAL_RCC_GetHCLKFreq                      0x08002ad5   Thumb Code     6  stm32f1xx_hal_rcc.o(i.HAL_RCC_GetHCLKFreq)
    HAL_RCC_GetPCLK1Freq                     0x08002ae1   Thumb Code    22  stm32f1xx_hal_rcc.o(i.HAL_RCC_GetPCLK1Freq)
    HAL_RCC_GetSysClockFreq                  0x08002b01   Thumb Code    58  stm32f1xx_hal_rcc.o(i.HAL_RCC_GetSysClockFreq)
    HAL_RCC_OscConfig                        0x08002b4d   Thumb Code   882  stm32f1xx_hal_rcc.o(i.HAL_RCC_OscConfig)
    HAL_SPI_Init                             0x08002ed1   Thumb Code   180  stm32f1xx_hal_spi.o(i.HAL_SPI_Init)
    HAL_SPI_MspInit                          0x08002f85   Thumb Code   102  spi.o(i.HAL_SPI_MspInit)
    HAL_SPI_TransmitReceive                  0x08002ff9   Thumb Code   506  stm32f1xx_hal_spi.o(i.HAL_SPI_TransmitReceive)
    HAL_TIMEx_BreakCallback                  0x080031f3   Thumb Code     2  stm32f1xx_hal_tim_ex.o(i.HAL_TIMEx_BreakCallback)
    HAL_TIMEx_CommutCallback                 0x080031f5   Thumb Code     2  stm32f1xx_hal_tim_ex.o(i.HAL_TIMEx_CommutCallback)
    HAL_TIM_Base_Init                        0x080031f7   Thumb Code    74  stm32f1xx_hal_tim.o(i.HAL_TIM_Base_Init)
    HAL_TIM_Base_MspInit                     0x08003241   Thumb Code     2  stm32f1xx_hal_tim.o(i.HAL_TIM_Base_MspInit)
    HAL_TIM_Base_Start_IT                    0x08003245   Thumb Code    86  stm32f1xx_hal_tim.o(i.HAL_TIM_Base_Start_IT)
    HAL_TIM_IC_CaptureCallback               0x080032a9   Thumb Code     2  stm32f1xx_hal_tim.o(i.HAL_TIM_IC_CaptureCallback)
    HAL_TIM_IRQHandler                       0x080032ab   Thumb Code   312  stm32f1xx_hal_tim.o(i.HAL_TIM_IRQHandler)
    HAL_TIM_OC_DelayElapsedCallback          0x080033e3   Thumb Code     2  stm32f1xx_hal_tim.o(i.HAL_TIM_OC_DelayElapsedCallback)
    HAL_TIM_PWM_PulseFinishedCallback        0x080033e5   Thumb Code     2  stm32f1xx_hal_tim.o(i.HAL_TIM_PWM_PulseFinishedCallback)
    HAL_TIM_PeriodElapsedCallback            0x080033e9   Thumb Code    14  main.o(i.HAL_TIM_PeriodElapsedCallback)
    HAL_TIM_TriggerCallback                  0x080033fd   Thumb Code     2  stm32f1xx_hal_tim.o(i.HAL_TIM_TriggerCallback)
    HardFault_Handler                        0x080033ff   Thumb Code     2  stm32f1xx_it.o(i.HardFault_Handler)
    Key_Init                                 0x08003705   Thumb Code    24  key.o(i.Key_Init)
    Key_process                              0x08003721   Thumb Code    56  key.o(i.Key_process)
    MX_ADC1_Init                             0x0800375d   Thumb Code    68  adc.o(i.MX_ADC1_Init)
    MX_ADC2_Init                             0x080037a9   Thumb Code    70  adc.o(i.MX_ADC2_Init)
    MX_FREERTOS_Init                         0x080037f9   Thumb Code    52  freertos.o(i.MX_FREERTOS_Init)
    MX_GPIO_Init                             0x08003835   Thumb Code   248  gpio.o(i.MX_GPIO_Init)
    MX_I2C1_Init                             0x08003941   Thumb Code    50  i2c.o(i.MX_I2C1_Init)
    MX_SPI2_Init                             0x08003981   Thumb Code    60  spi.o(i.MX_SPI2_Init)
    MemManage_Handler                        0x080039c5   Thumb Code     2  stm32f1xx_it.o(i.MemManage_Handler)
    NMI_Handler                              0x080039c7   Thumb Code     2  stm32f1xx_it.o(i.NMI_Handler)
    NRF24L01_FlushRx                         0x080039c9   Thumb Code    24  nrf24l01.o(i.NRF24L01_FlushRx)
    NRF24L01_FlushTx                         0x080039e1   Thumb Code    24  nrf24l01.o(i.NRF24L01_FlushTx)
    NRF24L01_GPIO_Init                       0x080039f9   Thumb Code    18  nrf24l01.o(i.NRF24L01_GPIO_Init)
    NRF24L01_Init                            0x08003a0d   Thumb Code   104  nrf24l01.o(i.NRF24L01_Init)
    NRF24L01_ReadReg                         0x08003a79   Thumb Code    34  nrf24l01.o(i.NRF24L01_ReadReg)
    NRF24L01_ReadStatus                      0x08003a9b   Thumb Code    26  nrf24l01.o(i.NRF24L01_ReadStatus)
    NRF24L01_Rx                              0x08003ab5   Thumb Code    40  nrf24l01.o(i.NRF24L01_Rx)
    NRF24L01_SPI_SwapByte                    0x08003add   Thumb Code    30  nrf24l01.o(i.NRF24L01_SPI_SwapByte)
    NRF24L01_Send                            0x08003b01   Thumb Code   120  nrf24l01.o(i.NRF24L01_Send)
    NRF24L01_Tx                              0x08003b81   Thumb Code    44  nrf24l01.o(i.NRF24L01_Tx)
    NRF24L01_W_CE                            0x08003bad   Thumb Code    12  nrf24l01.o(i.NRF24L01_W_CE)
    NRF24L01_W_CSN                           0x08003bbd   Thumb Code    12  nrf24l01.o(i.NRF24L01_W_CSN)
    NRF24L01_WriteReg                        0x08003bcd   Thumb Code    36  nrf24l01.o(i.NRF24L01_WriteReg)
    NRF24L01_WriteRegs                       0x08003bf1   Thumb Code    50  nrf24l01.o(i.NRF24L01_WriteRegs)
    NRF24L01_WriteTxPayload                  0x08003c23   Thumb Code    46  nrf24l01.o(i.NRF24L01_WriteTxPayload)
    OLED_Init                                0x08003c51   Thumb Code   182  oled.o(i.OLED_Init)
    OLED_NewFrame                            0x08003d09   Thumb Code    10  oled.o(i.OLED_NewFrame)
    OLED_PrintASCIIChar                      0x08003d19   Thumb Code    32  oled.o(i.OLED_PrintASCIIChar)
    OLED_PrintString                         0x08003d39   Thumb Code   222  oled.o(i.OLED_PrintString)
    OLED_Send                                0x08003e19   Thumb Code    20  oled.o(i.OLED_Send)
    OLED_SendCmd                             0x08003e31   Thumb Code    12  oled.o(i.OLED_SendCmd)
    OLED_SetBits                             0x08003e41   Thumb Code    74  oled.o(i.OLED_SetBits)
    OLED_SetBits_Fine                        0x08003e8b   Thumb Code   116  oled.o(i.OLED_SetBits_Fine)
    OLED_SetBlock                            0x08003eff   Thumb Code   136  oled.o(i.OLED_SetBlock)
    OLED_SetByte_Fine                        0x08003f89   Thumb Code    64  oled.o(i.OLED_SetByte_Fine)
    OLED_ShowFrame                           0x08003fd1   Thumb Code    66  oled.o(i.OLED_ShowFrame)
    Remote_Init                              0x0800403d   Thumb Code    14  remoter.o(i.Remote_Init)
    Remote_Send                              0x0800404d   Thumb Code    22  remoter.o(i.Remote_Send)
    StartDefaultTask                         0x08004171   Thumb Code     8  freertos.o(i.StartDefaultTask)
    SysTick_Handler                          0x08004179   Thumb Code    38  port.o(i.SysTick_Handler)
    SystemClock_Config                       0x080041a5   Thumb Code   122  main.o(i.SystemClock_Config)
    SystemInit                               0x0800421f   Thumb Code     2  system_stm32f1xx.o(i.SystemInit)
    TIM4_IRQHandler                          0x08004221   Thumb Code     6  stm32f1xx_it.o(i.TIM4_IRQHandler)
    TIM_Base_SetConfig                       0x0800422d   Thumb Code   108  stm32f1xx_hal_tim.o(i.TIM_Base_SetConfig)
    UsageFault_Handler                       0x080042a5   Thumb Code     2  stm32f1xx_it.o(i.UsageFault_Handler)
    _OLED_GetUTF8Len                         0x080042a7   Thumb Code    50  oled.o(i._OLED_GetUTF8Len)
    __ARM_fpclassify                         0x080042d9   Thumb Code    40  fpclassify.o(i.__ARM_fpclassify)
    _is_digit                                0x08004321   Thumb Code    14  __printf_wp.o(i._is_digit)
    date_pack_process                        0x08004359   Thumb Code   180  remoter.o(i.date_pack_process)
    main                                     0x08004481   Thumb Code    48  main.o(i.main)
    nrf24l01_irq_callback                    0x080044bd   Thumb Code     8  nrf24l01_recive.o(i.nrf24l01_irq_callback)
    nrf24l01_send_init                       0x080044c9   Thumb Code    14  nrf24l01_recive.o(i.nrf24l01_send_init)
    oled_printf                              0x080044dd   Thumb Code    54  oled_printf.o(i.oled_printf)
    osDelay                                  0x08004519   Thumb Code    16  cmsis_os.o(i.osDelay)
    osKernelStart                            0x08004529   Thumb Code    10  cmsis_os.o(i.osKernelStart)
    osThreadCreate                           0x08004533   Thumb Code    88  cmsis_os.o(i.osThreadCreate)
    pvPortMalloc                             0x0800490d   Thumb Code   214  heap_4.o(i.pvPortMalloc)
    pxPortInitialiseStack                    0x080049e9   Thumb Code    24  port.o(i.pxPortInitialiseStack)
    remote_task                              0x08004a05   Thumb Code    66  remoter.o(i.remote_task)
    uxListRemove                             0x08004a79   Thumb Code    38  list.o(i.uxListRemove)
    vApplicationGetIdleTaskMemory            0x08004aa1   Thumb Code    16  freertos.o(i.vApplicationGetIdleTaskMemory)
    vListInitialise                          0x08004ab5   Thumb Code    22  list.o(i.vListInitialise)
    vListInitialiseItem                      0x08004acb   Thumb Code     6  list.o(i.vListInitialiseItem)
    vListInsert                              0x08004ad1   Thumb Code    48  list.o(i.vListInsert)
    vListInsertEnd                           0x08004b01   Thumb Code    24  list.o(i.vListInsertEnd)
    vPortEnterCritical                       0x08004b19   Thumb Code    54  port.o(i.vPortEnterCritical)
    vPortExitCritical                        0x08004b59   Thumb Code    38  port.o(i.vPortExitCritical)
    vPortFree                                0x08004b85   Thumb Code    94  heap_4.o(i.vPortFree)
    vPortSetupTimerInterrupt                 0x08004be9   Thumb Code    32  port.o(i.vPortSetupTimerInterrupt)
    vTaskDelay                               0x08004c0d   Thumb Code    70  tasks.o(i.vTaskDelay)
    vTaskStartScheduler                      0x08004c5d   Thumb Code   118  tasks.o(i.vTaskStartScheduler)
    vTaskSuspendAll                          0x08004ce5   Thumb Code    10  tasks.o(i.vTaskSuspendAll)
    vTaskSwitchContext                       0x08004cf5   Thumb Code    86  tasks.o(i.vTaskSwitchContext)
    xPortStartScheduler                      0x08004d55   Thumb Code   154  port.o(i.xPortStartScheduler)
    xTaskCreate                              0x08004dfd   Thumb Code   100  tasks.o(i.xTaskCreate)
    xTaskCreateStatic                        0x08004e61   Thumb Code    92  tasks.o(i.xTaskCreateStatic)
    xTaskIncrementTick                       0x08004ebd   Thumb Code   198  tasks.o(i.xTaskIncrementTick)
    xTaskResumeAll                           0x08004f8d   Thumb Code   192  tasks.o(i.xTaskResumeAll)
    _get_lc_numeric                          0x08005059   Thumb Code    44  lc_numeric_c.o(locale$$code)
    _get_lc_ctype                            0x08005085   Thumb Code    44  lc_ctype_c.o(locale$$code)
    __fpl_dretinf                            0x080050b1   Thumb Code    12  dretinf.o(x$fpl$dretinf)
    __aeabi_f2d                              0x080050bd   Thumb Code     0  f2d.o(x$fpl$f2d)
    _f2d                                     0x080050bd   Thumb Code    86  f2d.o(x$fpl$f2d)
    __aeabi_fadd                             0x08005115   Thumb Code     0  faddsub_clz.o(x$fpl$fadd)
    _fadd                                    0x08005115   Thumb Code   196  faddsub_clz.o(x$fpl$fadd)
    __fpl_fcmp_Inf                           0x080051d9   Thumb Code    24  fcmpi.o(x$fpl$fcmpinf)
    __aeabi_ui2f                             0x080051f1   Thumb Code     0  fflt_clz.o(x$fpl$ffltu)
    _ffltu                                   0x080051f1   Thumb Code    38  fflt_clz.o(x$fpl$ffltu)
    __aeabi_cfcmple                          0x08005219   Thumb Code     0  fleqf.o(x$fpl$fleqf)
    _fcmple                                  0x08005219   Thumb Code   104  fleqf.o(x$fpl$fleqf)
    __fpl_fcmple_InfNaN                      0x0800526b   Thumb Code     0  fleqf.o(x$fpl$fleqf)
    __aeabi_fmul                             0x08005281   Thumb Code     0  fmul.o(x$fpl$fmul)
    _fmul                                    0x08005281   Thumb Code   258  fmul.o(x$fpl$fmul)
    __fpl_fnaninf                            0x08005383   Thumb Code   140  fnaninf.o(x$fpl$fnaninf)
    __fpl_fretinf                            0x0800540f   Thumb Code    10  fretinf.o(x$fpl$fretinf)
    __aeabi_cfrcmple                         0x08005419   Thumb Code     0  frleqf.o(x$fpl$frleqf)
    _frcmple                                 0x08005419   Thumb Code    98  frleqf.o(x$fpl$frleqf)
    __aeabi_fsub                             0x0800547d   Thumb Code     0  faddsub_clz.o(x$fpl$fsub)
    _fsub                                    0x0800547d   Thumb Code   234  faddsub_clz.o(x$fpl$fsub)
    _printf_fp_dec                           0x08005567   Thumb Code     4  printf1.o(x$fpl$printf1)
    _printf_fp_hex                           0x0800556b   Thumb Code     4  printf2.o(x$fpl$printf2)
    __I$use$fp                               0x0800556e   Number         0  usenofp.o(x$fpl$usenofp)
    AHBPrescTable                            0x080055ba   Data          16  system_stm32f1xx.o(.constdata)
    APBPrescTable                            0x080055ca   Data           8  system_stm32f1xx.o(.constdata)
    ascii_16x8                               0x080055d2   Data        1520  font.o(.constdata)
    afont16x8                                0x08005bc4   Data           8  font.o(.constdata)
    zh16x16_1                                0x08005bcc   Data         180  font.o(.constdata)
    font16x16_1                              0x08005c80   Data          16  font.o(.constdata)
    Region$$Table$$Base                      0x08005da4   Number         0  anon$$obj.o(Region$$Table)
    Region$$Table$$Limit                     0x08005dc4   Number         0  anon$$obj.o(Region$$Table)
    __ctype                                  0x08005ded   Data           0  lc_ctype_c.o(locale$$data)
    defaultTaskHandle                        0x20000000   Data           4  freertos.o(.data)
    remote_teskHandle                        0x20000004   Data           4  freertos.o(.data)
    uwTickFreq                               0x20000008   Data           1  stm32f1xx_hal.o(.data)
    uwTickPrio                               0x2000000c   Data           4  stm32f1xx_hal.o(.data)
    uwTick                                   0x20000010   Data           4  stm32f1xx_hal.o(.data)
    SystemCoreClock                          0x20000014   Data           4  system_stm32f1xx.o(.data)
    pxCurrentTCB                             0x20000018   Data           4  tasks.o(.data)
    NRF24L01_TxAddress                       0x20000080   Data           5  nrf24l01.o(.data)
    NRF24L01_RxAddress                       0x20000085   Data           5  nrf24l01.o(.data)
    lr_joystick                              0x2000008e   Data           2  nrf24l01_recive.o(.data)
    move_speed                               0x20000090   Data           4  nrf24l01_recive.o(.data)
    rotation_speed                           0x20000094   Data           4  nrf24l01_recive.o(.data)
    lr_move_sensitivity                      0x20000098   Data           4  nrf24l01_recive.o(.data)
    SendFlag                                 0x2000009d   Data           1  nrf24l01_recive.o(.data)
    hadc1                                    0x200002f4   Data          48  adc.o(.bss)
    hadc2                                    0x20000324   Data          48  adc.o(.bss)
    hi2c1                                    0x20000354   Data          84  i2c.o(.bss)
    hspi2                                    0x200003a8   Data          88  spi.o(.bss)
    htim4                                    0x20000400   Data          72  stm32f1xx_hal_timebase_tim.o(.bss)
    NRF24L01_TxPacket                        0x20001138   Data          18  nrf24l01.o(.bss)
    NRF24L01_RxPacket                        0x2000114a   Data          18  nrf24l01.o(.bss)
    OLED_GRAM                                0x200011dd   Data        1024  oled.o(.bss)
    tx_buffer                                0x200015dd   Data          18  remoter.o(.bss)
    key_data                                 0x200015ef   Data           9  key.o(.bss)
    __libspace_start                         0x20001604   Data          96  libspace.o(.bss)
    __temporary_stack_top$libspace           0x20001664   Data           0  libspace.o(.bss)



==============================================================================

Memory Map of the image

  Image Entry point : 0x080000ed

  Load Region LR_IROM1 (Base: 0x08000000, Size: 0x00005f90, Max: 0x00010000, ABSOLUTE)

    Execution Region ER_IROM1 (Exec base: 0x08000000, Load base: 0x08000000, Size: 0x00005ef0, Max: 0x00010000, ABSOLUTE)

    Exec Addr    Load Addr    Size         Type   Attr      Idx    E Section Name        Object

    0x08000000   0x08000000   0x000000ec   Data   RO            3    RESET               startup_stm32f103xb.o
    0x080000ec   0x080000ec   0x00000008   Code   RO         5733  * !!!main             c_w.l(__main.o)
    0x080000f4   0x080000f4   0x00000034   Code   RO         6106    !!!scatter          c_w.l(__scatter.o)
    0x08000128   0x08000128   0x0000001a   Code   RO         6108    !!handler_copy      c_w.l(__scatter_copy.o)
    0x08000142   0x08000142   0x00000002   PAD
    0x08000144   0x08000144   0x0000001c   Code   RO         6110    !!handler_zi        c_w.l(__scatter_zi.o)
    0x08000160   0x08000160   0x00000000   Code   RO         5857    .ARM.Collect$$_printf_percent$$00000000  c_w.l(_printf_percent.o)
    0x08000160   0x08000160   0x00000006   Code   RO         5846    .ARM.Collect$$_printf_percent$$00000001  c_w.l(_printf_n.o)
    0x08000166   0x08000166   0x00000006   Code   RO         5848    .ARM.Collect$$_printf_percent$$00000002  c_w.l(_printf_p.o)
    0x0800016c   0x0800016c   0x00000006   Code   RO         5853    .ARM.Collect$$_printf_percent$$00000003  c_w.l(_printf_f.o)
    0x08000172   0x08000172   0x00000006   Code   RO         5854    .ARM.Collect$$_printf_percent$$00000004  c_w.l(_printf_e.o)
    0x08000178   0x08000178   0x00000006   Code   RO         5855    .ARM.Collect$$_printf_percent$$00000005  c_w.l(_printf_g.o)
    0x0800017e   0x0800017e   0x00000006   Code   RO         5856    .ARM.Collect$$_printf_percent$$00000006  c_w.l(_printf_a.o)
    0x08000184   0x08000184   0x0000000a   Code   RO         5861    .ARM.Collect$$_printf_percent$$00000007  c_w.l(_printf_ll.o)
    0x0800018e   0x0800018e   0x00000006   Code   RO         5850    .ARM.Collect$$_printf_percent$$00000008  c_w.l(_printf_i.o)
    0x08000194   0x08000194   0x00000006   Code   RO         5851    .ARM.Collect$$_printf_percent$$00000009  c_w.l(_printf_d.o)
    0x0800019a   0x0800019a   0x00000006   Code   RO         5852    .ARM.Collect$$_printf_percent$$0000000A  c_w.l(_printf_u.o)
    0x080001a0   0x080001a0   0x00000006   Code   RO         5849    .ARM.Collect$$_printf_percent$$0000000B  c_w.l(_printf_o.o)
    0x080001a6   0x080001a6   0x00000006   Code   RO         5847    .ARM.Collect$$_printf_percent$$0000000C  c_w.l(_printf_x.o)
    0x080001ac   0x080001ac   0x00000006   Code   RO         5858    .ARM.Collect$$_printf_percent$$0000000D  c_w.l(_printf_lli.o)
    0x080001b2   0x080001b2   0x00000006   Code   RO         5859    .ARM.Collect$$_printf_percent$$0000000E  c_w.l(_printf_lld.o)
    0x080001b8   0x080001b8   0x00000006   Code   RO         5860    .ARM.Collect$$_printf_percent$$0000000F  c_w.l(_printf_llu.o)
    0x080001be   0x080001be   0x00000006   Code   RO         5865    .ARM.Collect$$_printf_percent$$00000010  c_w.l(_printf_llo.o)
    0x080001c4   0x080001c4   0x00000006   Code   RO         5866    .ARM.Collect$$_printf_percent$$00000011  c_w.l(_printf_llx.o)
    0x080001ca   0x080001ca   0x0000000a   Code   RO         5862    .ARM.Collect$$_printf_percent$$00000012  c_w.l(_printf_l.o)
    0x080001d4   0x080001d4   0x00000006   Code   RO         5844    .ARM.Collect$$_printf_percent$$00000013  c_w.l(_printf_c.o)
    0x080001da   0x080001da   0x00000006   Code   RO         5845    .ARM.Collect$$_printf_percent$$00000014  c_w.l(_printf_s.o)
    0x080001e0   0x080001e0   0x00000006   Code   RO         5863    .ARM.Collect$$_printf_percent$$00000015  c_w.l(_printf_lc.o)
    0x080001e6   0x080001e6   0x00000006   Code   RO         5864    .ARM.Collect$$_printf_percent$$00000016  c_w.l(_printf_ls.o)
    0x080001ec   0x080001ec   0x00000004   Code   RO         5916    .ARM.Collect$$_printf_percent$$00000017  c_w.l(_printf_percent_end.o)
    0x080001f0   0x080001f0   0x00000002   Code   RO         5965    .ARM.Collect$$libinit$$00000000  c_w.l(libinit.o)
    0x080001f2   0x080001f2   0x00000000   Code   RO         5981    .ARM.Collect$$libinit$$00000002  c_w.l(libinit2.o)
    0x080001f2   0x080001f2   0x00000000   Code   RO         5983    .ARM.Collect$$libinit$$00000004  c_w.l(libinit2.o)
    0x080001f2   0x080001f2   0x00000000   Code   RO         5986    .ARM.Collect$$libinit$$0000000A  c_w.l(libinit2.o)
    0x080001f2   0x080001f2   0x00000000   Code   RO         5988    .ARM.Collect$$libinit$$0000000C  c_w.l(libinit2.o)
    0x080001f2   0x080001f2   0x00000000   Code   RO         5990    .ARM.Collect$$libinit$$0000000E  c_w.l(libinit2.o)
    0x080001f2   0x080001f2   0x00000006   Code   RO         5991    .ARM.Collect$$libinit$$0000000F  c_w.l(libinit2.o)
    0x080001f8   0x080001f8   0x00000000   Code   RO         5993    .ARM.Collect$$libinit$$00000011  c_w.l(libinit2.o)
    0x080001f8   0x080001f8   0x0000000c   Code   RO         5994    .ARM.Collect$$libinit$$00000012  c_w.l(libinit2.o)
    0x08000204   0x08000204   0x00000000   Code   RO         5995    .ARM.Collect$$libinit$$00000013  c_w.l(libinit2.o)
    0x08000204   0x08000204   0x00000000   Code   RO         5997    .ARM.Collect$$libinit$$00000015  c_w.l(libinit2.o)
    0x08000204   0x08000204   0x0000000a   Code   RO         5998    .ARM.Collect$$libinit$$00000016  c_w.l(libinit2.o)
    0x0800020e   0x0800020e   0x00000000   Code   RO         5999    .ARM.Collect$$libinit$$00000017  c_w.l(libinit2.o)
    0x0800020e   0x0800020e   0x00000000   Code   RO         6001    .ARM.Collect$$libinit$$00000019  c_w.l(libinit2.o)
    0x0800020e   0x0800020e   0x00000000   Code   RO         6003    .ARM.Collect$$libinit$$0000001B  c_w.l(libinit2.o)
    0x0800020e   0x0800020e   0x00000000   Code   RO         6005    .ARM.Collect$$libinit$$0000001D  c_w.l(libinit2.o)
    0x0800020e   0x0800020e   0x00000000   Code   RO         6007    .ARM.Collect$$libinit$$0000001F  c_w.l(libinit2.o)
    0x0800020e   0x0800020e   0x00000000   Code   RO         6009    .ARM.Collect$$libinit$$00000021  c_w.l(libinit2.o)
    0x0800020e   0x0800020e   0x00000000   Code   RO         6011    .ARM.Collect$$libinit$$00000023  c_w.l(libinit2.o)
    0x0800020e   0x0800020e   0x00000000   Code   RO         6013    .ARM.Collect$$libinit$$00000025  c_w.l(libinit2.o)
    0x0800020e   0x0800020e   0x00000000   Code   RO         6017    .ARM.Collect$$libinit$$0000002C  c_w.l(libinit2.o)
    0x0800020e   0x0800020e   0x00000000   Code   RO         6019    .ARM.Collect$$libinit$$0000002E  c_w.l(libinit2.o)
    0x0800020e   0x0800020e   0x00000000   Code   RO         6021    .ARM.Collect$$libinit$$00000030  c_w.l(libinit2.o)
    0x0800020e   0x0800020e   0x00000000   Code   RO         6023    .ARM.Collect$$libinit$$00000032  c_w.l(libinit2.o)
    0x0800020e   0x0800020e   0x00000002   Code   RO         6024    .ARM.Collect$$libinit$$00000033  c_w.l(libinit2.o)
    0x08000210   0x08000210   0x00000002   Code   RO         6044    .ARM.Collect$$libshutdown$$00000000  c_w.l(libshutdown.o)
    0x08000212   0x08000212   0x00000000   Code   RO         6057    .ARM.Collect$$libshutdown$$00000002  c_w.l(libshutdown2.o)
    0x08000212   0x08000212   0x00000000   Code   RO         6059    .ARM.Collect$$libshutdown$$00000004  c_w.l(libshutdown2.o)
    0x08000212   0x08000212   0x00000000   Code   RO         6061    .ARM.Collect$$libshutdown$$00000006  c_w.l(libshutdown2.o)
    0x08000212   0x08000212   0x00000000   Code   RO         6064    .ARM.Collect$$libshutdown$$00000009  c_w.l(libshutdown2.o)
    0x08000212   0x08000212   0x00000000   Code   RO         6067    .ARM.Collect$$libshutdown$$0000000C  c_w.l(libshutdown2.o)
    0x08000212   0x08000212   0x00000000   Code   RO         6069    .ARM.Collect$$libshutdown$$0000000E  c_w.l(libshutdown2.o)
    0x08000212   0x08000212   0x00000000   Code   RO         6072    .ARM.Collect$$libshutdown$$00000011  c_w.l(libshutdown2.o)
    0x08000212   0x08000212   0x00000002   Code   RO         6073    .ARM.Collect$$libshutdown$$00000012  c_w.l(libshutdown2.o)
    0x08000214   0x08000214   0x00000000   Code   RO         5773    .ARM.Collect$$rtentry$$00000000  c_w.l(__rtentry.o)
    0x08000214   0x08000214   0x00000000   Code   RO         5887    .ARM.Collect$$rtentry$$00000002  c_w.l(__rtentry2.o)
    0x08000214   0x08000214   0x00000006   Code   RO         5899    .ARM.Collect$$rtentry$$00000004  c_w.l(__rtentry4.o)
    0x0800021a   0x0800021a   0x00000000   Code   RO         5889    .ARM.Collect$$rtentry$$00000009  c_w.l(__rtentry2.o)
    0x0800021a   0x0800021a   0x00000004   Code   RO         5890    .ARM.Collect$$rtentry$$0000000A  c_w.l(__rtentry2.o)
    0x0800021e   0x0800021e   0x00000000   Code   RO         5892    .ARM.Collect$$rtentry$$0000000C  c_w.l(__rtentry2.o)
    0x0800021e   0x0800021e   0x00000008   Code   RO         5893    .ARM.Collect$$rtentry$$0000000D  c_w.l(__rtentry2.o)
    0x08000226   0x08000226   0x00000002   Code   RO         5973    .ARM.Collect$$rtexit$$00000000  c_w.l(rtexit.o)
    0x08000228   0x08000228   0x00000000   Code   RO         6026    .ARM.Collect$$rtexit$$00000002  c_w.l(rtexit2.o)
    0x08000228   0x08000228   0x00000004   Code   RO         6027    .ARM.Collect$$rtexit$$00000003  c_w.l(rtexit2.o)
    0x0800022c   0x0800022c   0x00000006   Code   RO         6028    .ARM.Collect$$rtexit$$00000004  c_w.l(rtexit2.o)
    0x08000232   0x08000232   0x00000002   PAD
    0x08000234   0x08000234   0x00000096   Code   RO         4983    .emb_text           port.o
    0x080002ca   0x080002ca   0x00000002   PAD
    0x080002cc   0x080002cc   0x00000040   Code   RO            4    .text               startup_stm32f103xb.o
    0x0800030c   0x0800030c   0x00000034   Code   RO         5717    .text               c_w.l(vsnprintf.o)
    0x08000340   0x08000340   0x00000058   Code   RO         5719    .text               c_w.l(memcmp.o)
    0x08000398   0x08000398   0x0000008a   Code   RO         5721    .text               c_w.l(rt_memcpy_v6.o)
    0x08000422   0x08000422   0x00000064   Code   RO         5723    .text               c_w.l(rt_memcpy_w.o)
    0x08000486   0x08000486   0x00000044   Code   RO         5727    .text               c_w.l(rt_memclr.o)
    0x080004ca   0x080004ca   0x0000004e   Code   RO         5729    .text               c_w.l(rt_memclr_w.o)
    0x08000518   0x08000518   0x00000006   Code   RO         5731    .text               c_w.l(heapauxi.o)
    0x0800051e   0x0800051e   0x0000004e   Code   RO         5776    .text               c_w.l(_printf_pad.o)
    0x0800056c   0x0800056c   0x00000024   Code   RO         5778    .text               c_w.l(_printf_truncate.o)
    0x08000590   0x08000590   0x00000052   Code   RO         5780    .text               c_w.l(_printf_str.o)
    0x080005e2   0x080005e2   0x00000002   PAD
    0x080005e4   0x080005e4   0x00000078   Code   RO         5782    .text               c_w.l(_printf_dec.o)
    0x0800065c   0x0800065c   0x00000028   Code   RO         5784    .text               c_w.l(_printf_charcount.o)
    0x08000684   0x08000684   0x00000030   Code   RO         5786    .text               c_w.l(_printf_char_common.o)
    0x080006b4   0x080006b4   0x0000000a   Code   RO         5788    .text               c_w.l(_sputc.o)
    0x080006be   0x080006be   0x00000010   Code   RO         5790    .text               c_w.l(_snputc.o)
    0x080006ce   0x080006ce   0x00000002   PAD
    0x080006d0   0x080006d0   0x000000bc   Code   RO         5792    .text               c_w.l(_printf_wctomb.o)
    0x0800078c   0x0800078c   0x0000007c   Code   RO         5795    .text               c_w.l(_printf_longlong_dec.o)
    0x08000808   0x08000808   0x00000070   Code   RO         5801    .text               c_w.l(_printf_oct_int_ll.o)
    0x08000878   0x08000878   0x00000094   Code   RO         5821    .text               c_w.l(_printf_hex_int_ll_ptr.o)
    0x0800090c   0x0800090c   0x00000188   Code   RO         5841    .text               c_w.l(__printf_flags_ss_wp.o)
    0x08000a94   0x08000a94   0x0000008a   Code   RO         5901    .text               c_w.l(lludiv10.o)
    0x08000b1e   0x08000b1e   0x000000b2   Code   RO         5903    .text               c_w.l(_printf_intcommon.o)
    0x08000bd0   0x08000bd0   0x0000041e   Code   RO         5905    .text               c_w.l(_printf_fp_dec.o)
    0x08000fee   0x08000fee   0x00000002   PAD
    0x08000ff0   0x08000ff0   0x000002fc   Code   RO         5907    .text               c_w.l(_printf_fp_hex.o)
    0x080012ec   0x080012ec   0x0000002c   Code   RO         5912    .text               c_w.l(_printf_char.o)
    0x08001318   0x08001318   0x0000002c   Code   RO         5914    .text               c_w.l(_printf_wchar.o)
    0x08001344   0x08001344   0x00000040   Code   RO         5917    .text               c_w.l(_wcrtomb.o)
    0x08001384   0x08001384   0x0000004a   Code   RO         5919    .text               c_w.l(sys_stackheap_outer.o)
    0x080013ce   0x080013ce   0x00000002   PAD
    0x080013d0   0x080013d0   0x00000010   Code   RO         5921    .text               c_w.l(rt_ctype_table.o)
    0x080013e0   0x080013e0   0x00000008   Code   RO         5926    .text               c_w.l(rt_locale_intlibspace.o)
    0x080013e8   0x080013e8   0x00000080   Code   RO         5928    .text               c_w.l(_printf_fp_infnan.o)
    0x08001468   0x08001468   0x000000e4   Code   RO         5930    .text               c_w.l(bigflt0.o)
    0x0800154c   0x0800154c   0x00000012   Code   RO         5958    .text               c_w.l(exit.o)
    0x0800155e   0x0800155e   0x00000002   PAD
    0x08001560   0x08001560   0x00000008   Code   RO         5970    .text               c_w.l(libspace.o)
    0x08001568   0x08001568   0x00000080   Code   RO         5978    .text               c_w.l(strcmpv7m.o)
    0x080015e8   0x080015e8   0x0000000c   Code   RO         6036    .text               c_w.l(sys_exit.o)
    0x080015f4   0x080015f4   0x00000002   Code   RO         6047    .text               c_w.l(use_no_semi.o)
    0x080015f6   0x080015f6   0x00000000   Code   RO         6049    .text               c_w.l(indicate_semi.o)
    0x080015f6   0x080015f6   0x0000003e   Code   RO         5933    CL$$btod_d2e        c_w.l(btod.o)
    0x08001634   0x08001634   0x00000046   Code   RO         5935    CL$$btod_d2e_denorm_low  c_w.l(btod.o)
    0x0800167a   0x0800167a   0x00000060   Code   RO         5934    CL$$btod_d2e_norm_op1  c_w.l(btod.o)
    0x080016da   0x080016da   0x00000338   Code   RO         5943    CL$$btod_div_common  c_w.l(btod.o)
    0x08001a12   0x08001a12   0x000000dc   Code   RO         5940    CL$$btod_e2e        c_w.l(btod.o)
    0x08001aee   0x08001aee   0x0000002a   Code   RO         5937    CL$$btod_ediv       c_w.l(btod.o)
    0x08001b18   0x08001b18   0x0000002a   Code   RO         5936    CL$$btod_emul       c_w.l(btod.o)
    0x08001b42   0x08001b42   0x00000244   Code   RO         5942    CL$$btod_mult_common  c_w.l(btod.o)
    0x08001d86   0x08001d86   0x00000054   Code   RO         1629    i.ADC_ConversionStop_Disable  stm32f1xx_hal_adc.o
    0x08001dda   0x08001dda   0x00000002   Code   RO          452    i.BusFault_Handler  stm32f1xx_it.o
    0x08001ddc   0x08001ddc   0x00000002   Code   RO          453    i.DebugMon_Handler  stm32f1xx_it.o
    0x08001dde   0x08001dde   0x00000006   Code   RO          454    i.EXTI0_IRQHandler  stm32f1xx_it.o
    0x08001de4   0x08001de4   0x0000001e   Code   RO          455    i.EXTI15_10_IRQHandler  stm32f1xx_it.o
    0x08001e02   0x08001e02   0x00000006   Code   RO          456    i.EXTI1_IRQHandler  stm32f1xx_it.o
    0x08001e08   0x08001e08   0x00000006   Code   RO          457    i.EXTI2_IRQHandler  stm32f1xx_it.o
    0x08001e0e   0x08001e0e   0x00000020   Code   RO          458    i.EXTI9_5_IRQHandler  stm32f1xx_it.o
    0x08001e2e   0x08001e2e   0x00000004   Code   RO           13    i.Error_Handler     main.o
    0x08001e32   0x08001e32   0x00000002   PAD
    0x08001e34   0x08001e34   0x00000108   Code   RO         1635    i.HAL_ADC_ConfigChannel  stm32f1xx_hal_adc.o
    0x08001f3c   0x08001f3c   0x00000118   Code   RO         1644    i.HAL_ADC_Init      stm32f1xx_hal_adc.o
    0x08002054   0x08002054   0x00000090   Code   RO          321    i.HAL_ADC_MspInit   adc.o
    0x080020e4   0x080020e4   0x00000024   Code   RO         1912    i.HAL_Delay         stm32f1xx_hal.o
    0x08002108   0x08002108   0x00000028   Code   RO         5625    i.HAL_GPIO_EXTI_Callback  key.o
    0x08002130   0x08002130   0x00000018   Code   RO         2226    i.HAL_GPIO_EXTI_IRQHandler  stm32f1xx_hal_gpio.o
    0x08002148   0x08002148   0x000001f0   Code   RO         2227    i.HAL_GPIO_Init     stm32f1xx_hal_gpio.o
    0x08002338   0x08002338   0x0000000e   Code   RO         2231    i.HAL_GPIO_WritePin  stm32f1xx_hal_gpio.o
    0x08002346   0x08002346   0x00000002   PAD
    0x08002348   0x08002348   0x0000000c   Code   RO         1916    i.HAL_GetTick       stm32f1xx_hal.o
    0x08002354   0x08002354   0x00000198   Code   RO         2919    i.HAL_I2C_Init      stm32f1xx_hal_i2c.o
    0x080024ec   0x080024ec   0x00000148   Code   RO         2932    i.HAL_I2C_Master_Transmit  stm32f1xx_hal_i2c.o
    0x08002634   0x08002634   0x00000070   Code   RO          369    i.HAL_I2C_MspInit   i2c.o
    0x080026a4   0x080026a4   0x00000010   Code   RO         1922    i.HAL_IncTick       stm32f1xx_hal.o
    0x080026b4   0x080026b4   0x00000024   Code   RO         1923    i.HAL_Init          stm32f1xx_hal.o
    0x080026d8   0x080026d8   0x00000098   Code   RO          570    i.HAL_InitTick      stm32f1xx_hal_timebase_tim.o
    0x08002770   0x08002770   0x00000048   Code   RO          546    i.HAL_MspInit       stm32f1xx_hal_msp.o
    0x080027b8   0x080027b8   0x0000001a   Code   RO         2387    i.HAL_NVIC_EnableIRQ  stm32f1xx_hal_cortex.o
    0x080027d2   0x080027d2   0x00000002   PAD
    0x080027d4   0x080027d4   0x00000040   Code   RO         2393    i.HAL_NVIC_SetPriority  stm32f1xx_hal_cortex.o
    0x08002814   0x08002814   0x00000024   Code   RO         2394    i.HAL_NVIC_SetPriorityGrouping  stm32f1xx_hal_cortex.o
    0x08002838   0x08002838   0x0000010c   Code   RO         2189    i.HAL_RCCEx_PeriphCLKConfig  stm32f1xx_hal_rcc_ex.o
    0x08002944   0x08002944   0x00000154   Code   RO         2080    i.HAL_RCC_ClockConfig  stm32f1xx_hal_rcc.o
    0x08002a98   0x08002a98   0x0000003c   Code   RO         2084    i.HAL_RCC_GetClockConfig  stm32f1xx_hal_rcc.o
    0x08002ad4   0x08002ad4   0x0000000c   Code   RO         2085    i.HAL_RCC_GetHCLKFreq  stm32f1xx_hal_rcc.o
    0x08002ae0   0x08002ae0   0x00000020   Code   RO         2087    i.HAL_RCC_GetPCLK1Freq  stm32f1xx_hal_rcc.o
    0x08002b00   0x08002b00   0x0000004c   Code   RO         2089    i.HAL_RCC_GetSysClockFreq  stm32f1xx_hal_rcc.o
    0x08002b4c   0x08002b4c   0x00000384   Code   RO         2092    i.HAL_RCC_OscConfig  stm32f1xx_hal_rcc.o
    0x08002ed0   0x08002ed0   0x000000b4   Code   RO         3396    i.HAL_SPI_Init      stm32f1xx_hal_spi.o
    0x08002f84   0x08002f84   0x00000074   Code   RO          411    i.HAL_SPI_MspInit   spi.o
    0x08002ff8   0x08002ff8   0x000001fa   Code   RO         3405    i.HAL_SPI_TransmitReceive  stm32f1xx_hal_spi.o
    0x080031f2   0x080031f2   0x00000002   Code   RO         1362    i.HAL_TIMEx_BreakCallback  stm32f1xx_hal_tim_ex.o
    0x080031f4   0x080031f4   0x00000002   Code   RO         1363    i.HAL_TIMEx_CommutCallback  stm32f1xx_hal_tim_ex.o
    0x080031f6   0x080031f6   0x0000004a   Code   RO          647    i.HAL_TIM_Base_Init  stm32f1xx_hal_tim.o
    0x08003240   0x08003240   0x00000002   Code   RO          649    i.HAL_TIM_Base_MspInit  stm32f1xx_hal_tim.o
    0x08003242   0x08003242   0x00000002   PAD
    0x08003244   0x08003244   0x00000064   Code   RO          652    i.HAL_TIM_Base_Start_IT  stm32f1xx_hal_tim.o
    0x080032a8   0x080032a8   0x00000002   Code   RO          681    i.HAL_TIM_IC_CaptureCallback  stm32f1xx_hal_tim.o
    0x080032aa   0x080032aa   0x00000138   Code   RO          695    i.HAL_TIM_IRQHandler  stm32f1xx_hal_tim.o
    0x080033e2   0x080033e2   0x00000002   Code   RO          698    i.HAL_TIM_OC_DelayElapsedCallback  stm32f1xx_hal_tim.o
    0x080033e4   0x080033e4   0x00000002   Code   RO          725    i.HAL_TIM_PWM_PulseFinishedCallback  stm32f1xx_hal_tim.o
    0x080033e6   0x080033e6   0x00000002   PAD
    0x080033e8   0x080033e8   0x00000014   Code   RO           14    i.HAL_TIM_PeriodElapsedCallback  main.o
    0x080033fc   0x080033fc   0x00000002   Code   RO          738    i.HAL_TIM_TriggerCallback  stm32f1xx_hal_tim.o
    0x080033fe   0x080033fe   0x00000002   Code   RO          459    i.HardFault_Handler  stm32f1xx_it.o
    0x08003400   0x08003400   0x0000002e   Code   RO         2963    i.I2C_IsAcknowledgeFailed  stm32f1xx_hal_i2c.o
    0x0800342e   0x0800342e   0x00000002   PAD
    0x08003430   0x08003430   0x000000b0   Code   RO         2967    i.I2C_MasterRequestWrite  stm32f1xx_hal_i2c.o
    0x080034e0   0x080034e0   0x00000058   Code   RO         2983    i.I2C_WaitOnBTFFlagUntilTimeout  stm32f1xx_hal_i2c.o
    0x08003538   0x08003538   0x000000ac   Code   RO         2984    i.I2C_WaitOnFlagUntilTimeout  stm32f1xx_hal_i2c.o
    0x080035e4   0x080035e4   0x000000c8   Code   RO         2985    i.I2C_WaitOnMasterAddressFlagUntilTimeout  stm32f1xx_hal_i2c.o
    0x080036ac   0x080036ac   0x00000058   Code   RO         2989    i.I2C_WaitOnTXEFlagUntilTimeout  stm32f1xx_hal_i2c.o
    0x08003704   0x08003704   0x0000001c   Code   RO         5628    i.Key_Init          key.o
    0x08003720   0x08003720   0x0000003c   Code   RO         5629    i.Key_process       key.o
    0x0800375c   0x0800375c   0x0000004c   Code   RO          322    i.MX_ADC1_Init      adc.o
    0x080037a8   0x080037a8   0x00000050   Code   RO          323    i.MX_ADC2_Init      adc.o
    0x080037f8   0x080037f8   0x0000003c   Code   RO          243    i.MX_FREERTOS_Init  freertos.o
    0x08003834   0x08003834   0x0000010c   Code   RO          219    i.MX_GPIO_Init      gpio.o
    0x08003940   0x08003940   0x00000040   Code   RO          370    i.MX_I2C1_Init      i2c.o
    0x08003980   0x08003980   0x00000044   Code   RO          412    i.MX_SPI2_Init      spi.o
    0x080039c4   0x080039c4   0x00000002   Code   RO          460    i.MemManage_Handler  stm32f1xx_it.o
    0x080039c6   0x080039c6   0x00000002   Code   RO          461    i.NMI_Handler       stm32f1xx_it.o
    0x080039c8   0x080039c8   0x00000018   Code   RO         5063    i.NRF24L01_FlushRx  nrf24l01.o
    0x080039e0   0x080039e0   0x00000018   Code   RO         5064    i.NRF24L01_FlushTx  nrf24l01.o
    0x080039f8   0x080039f8   0x00000012   Code   RO         5065    i.NRF24L01_GPIO_Init  nrf24l01.o
    0x08003a0a   0x08003a0a   0x00000002   PAD
    0x08003a0c   0x08003a0c   0x0000006c   Code   RO         5066    i.NRF24L01_Init     nrf24l01.o
    0x08003a78   0x08003a78   0x00000022   Code   RO         5068    i.NRF24L01_ReadReg  nrf24l01.o
    0x08003a9a   0x08003a9a   0x0000001a   Code   RO         5071    i.NRF24L01_ReadStatus  nrf24l01.o
    0x08003ab4   0x08003ab4   0x00000028   Code   RO         5073    i.NRF24L01_Rx       nrf24l01.o
    0x08003adc   0x08003adc   0x00000024   Code   RO         5074    i.NRF24L01_SPI_SwapByte  nrf24l01.o
    0x08003b00   0x08003b00   0x00000080   Code   RO         5075    i.NRF24L01_Send     nrf24l01.o
    0x08003b80   0x08003b80   0x0000002c   Code   RO         5077    i.NRF24L01_Tx       nrf24l01.o
    0x08003bac   0x08003bac   0x00000010   Code   RO         5079    i.NRF24L01_W_CE     nrf24l01.o
    0x08003bbc   0x08003bbc   0x00000010   Code   RO         5080    i.NRF24L01_W_CSN    nrf24l01.o
    0x08003bcc   0x08003bcc   0x00000024   Code   RO         5081    i.NRF24L01_WriteReg  nrf24l01.o
    0x08003bf0   0x08003bf0   0x00000032   Code   RO         5082    i.NRF24L01_WriteRegs  nrf24l01.o
    0x08003c22   0x08003c22   0x0000002e   Code   RO         5083    i.NRF24L01_WriteTxPayload  nrf24l01.o
    0x08003c50   0x08003c50   0x000000b6   Code   RO         5255    i.OLED_Init         oled.o
    0x08003d06   0x08003d06   0x00000002   PAD
    0x08003d08   0x08003d08   0x00000010   Code   RO         5256    i.OLED_NewFrame     oled.o
    0x08003d18   0x08003d18   0x00000020   Code   RO         5257    i.OLED_PrintASCIIChar  oled.o
    0x08003d38   0x08003d38   0x000000de   Code   RO         5259    i.OLED_PrintString  oled.o
    0x08003e16   0x08003e16   0x00000002   PAD
    0x08003e18   0x08003e18   0x00000018   Code   RO         5260    i.OLED_Send         oled.o
    0x08003e30   0x08003e30   0x00000010   Code   RO         5261    i.OLED_SendCmd      oled.o
    0x08003e40   0x08003e40   0x0000004a   Code   RO         5262    i.OLED_SetBits      oled.o
    0x08003e8a   0x08003e8a   0x00000074   Code   RO         5263    i.OLED_SetBits_Fine  oled.o
    0x08003efe   0x08003efe   0x00000088   Code   RO         5264    i.OLED_SetBlock     oled.o
    0x08003f86   0x08003f86   0x00000002   PAD
    0x08003f88   0x08003f88   0x00000048   Code   RO         5266    i.OLED_SetByte_Fine  oled.o
    0x08003fd0   0x08003fd0   0x00000048   Code   RO         5269    i.OLED_ShowFrame    oled.o
    0x08004018   0x08004018   0x00000024   Code   RO         2093    i.RCC_Delay         stm32f1xx_hal_rcc.o
    0x0800403c   0x0800403c   0x0000000e   Code   RO         5556    i.Remote_Init       remoter.o
    0x0800404a   0x0800404a   0x00000002   PAD
    0x0800404c   0x0800404c   0x00000024   Code   RO         5557    i.Remote_Send       remoter.o
    0x08004070   0x08004070   0x00000044   Code   RO         3434    i.SPI_EndRxTxTransaction  stm32f1xx_hal_spi.o
    0x080040b4   0x080040b4   0x000000bc   Code   RO         3439    i.SPI_WaitFlagStateUntilTimeout  stm32f1xx_hal_spi.o
    0x08004170   0x08004170   0x00000008   Code   RO          244    i.StartDefaultTask  freertos.o
    0x08004178   0x08004178   0x0000002c   Code   RO         4984    i.SysTick_Handler   port.o
    0x080041a4   0x080041a4   0x0000007a   Code   RO           15    i.SystemClock_Config  main.o
    0x0800421e   0x0800421e   0x00000002   Code   RO         3708    i.SystemInit        system_stm32f1xx.o
    0x08004220   0x08004220   0x0000000c   Code   RO          462    i.TIM4_IRQHandler   stm32f1xx_it.o
    0x0800422c   0x0800422c   0x00000078   Code   RO          740    i.TIM_Base_SetConfig  stm32f1xx_hal_tim.o
    0x080042a4   0x080042a4   0x00000002   Code   RO          463    i.UsageFault_Handler  stm32f1xx_it.o
    0x080042a6   0x080042a6   0x00000032   Code   RO         5270    i._OLED_GetUTF8Len  oled.o
    0x080042d8   0x080042d8   0x00000028   Code   RO         5968    i.__ARM_fpclassify  m_ws.l(fpclassify.o)
    0x08004300   0x08004300   0x00000020   Code   RO         2400    i.__NVIC_SetPriority  stm32f1xx_hal_cortex.o
    0x08004320   0x08004320   0x0000000e   Code   RO         5834    i._is_digit         c_w.l(__printf_wp.o)
    0x0800432e   0x0800432e   0x00000028   Code   RO         5558    i.clamp_float       remoter.o
    0x08004356   0x08004356   0x00000002   PAD
    0x08004358   0x08004358   0x000000d0   Code   RO         5559    i.date_pack_process  remoter.o
    0x08004428   0x08004428   0x00000058   Code   RO         5630    i.key_index_from_pin  key.o
    0x08004480   0x08004480   0x00000030   Code   RO           16    i.main              main.o
    0x080044b0   0x080044b0   0x0000000c   Code   RO         4549    i.makeFreeRtosPriority  cmsis_os.o
    0x080044bc   0x080044bc   0x0000000c   Code   RO         5442    i.nrf24l01_irq_callback  nrf24l01_recive.o
    0x080044c8   0x080044c8   0x00000014   Code   RO         5443    i.nrf24l01_send_init  nrf24l01_recive.o
    0x080044dc   0x080044dc   0x0000003c   Code   RO         5685    i.oled_printf       oled_printf.o
    0x08004518   0x08004518   0x00000010   Code   RO         4551    i.osDelay           cmsis_os.o
    0x08004528   0x08004528   0x0000000a   Code   RO         4554    i.osKernelStart     cmsis_os.o
    0x08004532   0x08004532   0x00000058   Code   RO         4588    i.osThreadCreate    cmsis_os.o
    0x0800458a   0x0800458a   0x00000002   PAD
    0x0800458c   0x0800458c   0x00000070   Code   RO         4220    i.prvAddCurrentTaskToDelayedList  tasks.o
    0x080045fc   0x080045fc   0x00000088   Code   RO         4221    i.prvAddNewTaskToReadyList  tasks.o
    0x08004684   0x08004684   0x0000003c   Code   RO         4222    i.prvCheckTasksWaitingTermination  tasks.o
    0x080046c0   0x080046c0   0x00000040   Code   RO         4223    i.prvDeleteTCB      tasks.o
    0x08004700   0x08004700   0x0000004c   Code   RO         4916    i.prvHeapInit       heap_4.o
    0x0800474c   0x0800474c   0x00000028   Code   RO         4224    i.prvIdleTask       tasks.o
    0x08004774   0x08004774   0x00000094   Code   RO         4225    i.prvInitialiseNewTask  tasks.o
    0x08004808   0x08004808   0x00000058   Code   RO         4226    i.prvInitialiseTaskLists  tasks.o
    0x08004860   0x08004860   0x00000054   Code   RO         4917    i.prvInsertBlockIntoFreeList  heap_4.o
    0x080048b4   0x080048b4   0x00000024   Code   RO         4227    i.prvResetNextTaskUnblockTime  tasks.o
    0x080048d8   0x080048d8   0x0000002c   Code   RO         4985    i.prvTaskExitError  port.o
    0x08004904   0x08004904   0x00000008   Code   RO         5560    i.put_int16_le      remoter.o
    0x0800490c   0x0800490c   0x000000dc   Code   RO         4918    i.pvPortMalloc      heap_4.o
    0x080049e8   0x080049e8   0x0000001c   Code   RO         4986    i.pxPortInitialiseStack  port.o
    0x08004a04   0x08004a04   0x00000074   Code   RO         5561    i.remote_task       remoter.o
    0x08004a78   0x08004a78   0x00000026   Code   RO         3846    i.uxListRemove      list.o
    0x08004a9e   0x08004a9e   0x00000002   PAD
    0x08004aa0   0x08004aa0   0x00000014   Code   RO          246    i.vApplicationGetIdleTaskMemory  freertos.o
    0x08004ab4   0x08004ab4   0x00000016   Code   RO         3847    i.vListInitialise   list.o
    0x08004aca   0x08004aca   0x00000006   Code   RO         3848    i.vListInitialiseItem  list.o
    0x08004ad0   0x08004ad0   0x00000030   Code   RO         3849    i.vListInsert       list.o
    0x08004b00   0x08004b00   0x00000018   Code   RO         3850    i.vListInsertEnd    list.o
    0x08004b18   0x08004b18   0x00000040   Code   RO         4988    i.vPortEnterCritical  port.o
    0x08004b58   0x08004b58   0x0000002c   Code   RO         4989    i.vPortExitCritical  port.o
    0x08004b84   0x08004b84   0x00000064   Code   RO         4919    i.vPortFree         heap_4.o
    0x08004be8   0x08004be8   0x00000024   Code   RO         4990    i.vPortSetupTimerInterrupt  port.o
    0x08004c0c   0x08004c0c   0x00000050   Code   RO         4236    i.vTaskDelay        tasks.o
    0x08004c5c   0x08004c5c   0x00000088   Code   RO         4249    i.vTaskStartScheduler  tasks.o
    0x08004ce4   0x08004ce4   0x00000010   Code   RO         4251    i.vTaskSuspendAll   tasks.o
    0x08004cf4   0x08004cf4   0x00000060   Code   RO         4252    i.vTaskSwitchContext  tasks.o
    0x08004d54   0x08004d54   0x000000a8   Code   RO         4992    i.xPortStartScheduler  port.o
    0x08004dfc   0x08004dfc   0x00000064   Code   RO         4255    i.xTaskCreate       tasks.o
    0x08004e60   0x08004e60   0x0000005c   Code   RO         4256    i.xTaskCreateStatic  tasks.o
    0x08004ebc   0x08004ebc   0x000000d0   Code   RO         4263    i.xTaskIncrementTick  tasks.o
    0x08004f8c   0x08004f8c   0x000000cc   Code   RO         4269    i.xTaskResumeAll    tasks.o
    0x08005058   0x08005058   0x0000002c   Code   RO         5956    locale$$code        c_w.l(lc_numeric_c.o)
    0x08005084   0x08005084   0x0000002c   Code   RO         5976    locale$$code        c_w.l(lc_ctype_c.o)
    0x080050b0   0x080050b0   0x0000000c   Code   RO         5869    x$fpl$dretinf       fz_ws.l(dretinf.o)
    0x080050bc   0x080050bc   0x00000056   Code   RO         5753    x$fpl$f2d           fz_ws.l(f2d.o)
    0x08005112   0x08005112   0x00000002   PAD
    0x08005114   0x08005114   0x000000c4   Code   RO         5755    x$fpl$fadd          fz_ws.l(faddsub_clz.o)
    0x080051d8   0x080051d8   0x00000018   Code   RO         5871    x$fpl$fcmpinf       fz_ws.l(fcmpi.o)
    0x080051f0   0x080051f0   0x00000026   Code   RO         5761    x$fpl$ffltu         fz_ws.l(fflt_clz.o)
    0x08005216   0x08005216   0x00000002   PAD
    0x08005218   0x08005218   0x00000068   Code   RO         5767    x$fpl$fleqf         fz_ws.l(fleqf.o)
    0x08005280   0x08005280   0x00000102   Code   RO         5769    x$fpl$fmul          fz_ws.l(fmul.o)
    0x08005382   0x08005382   0x0000008c   Code   RO         5873    x$fpl$fnaninf       fz_ws.l(fnaninf.o)
    0x0800540e   0x0800540e   0x0000000a   Code   RO         5875    x$fpl$fretinf       fz_ws.l(fretinf.o)
    0x08005418   0x08005418   0x00000062   Code   RO         5771    x$fpl$frleqf        fz_ws.l(frleqf.o)
    0x0800547a   0x0800547a   0x00000002   PAD
    0x0800547c   0x0800547c   0x000000ea   Code   RO         5757    x$fpl$fsub          fz_ws.l(faddsub_clz.o)
    0x08005566   0x08005566   0x00000004   Code   RO         5877    x$fpl$printf1       fz_ws.l(printf1.o)
    0x0800556a   0x0800556a   0x00000004   Code   RO         5879    x$fpl$printf2       fz_ws.l(printf2.o)
    0x0800556e   0x0800556e   0x00000000   Code   RO         5885    x$fpl$usenofp       fz_ws.l(usenofp.o)
    0x0800556e   0x0800556e   0x00000002   PAD
    0x08005570   0x08005570   0x00000038   Data   RO          248    .constdata          freertos.o
    0x080055a8   0x080055a8   0x00000012   Data   RO         2094    .constdata          stm32f1xx_hal_rcc.o
    0x080055ba   0x080055ba   0x00000010   Data   RO         3709    .constdata          system_stm32f1xx.o
    0x080055ca   0x080055ca   0x00000008   Data   RO         3710    .constdata          system_stm32f1xx.o
    0x080055d2   0x080055d2   0x000005f0   Data   RO         5218    .constdata          font.o
    0x08005bc2   0x08005bc2   0x00000002   PAD
    0x08005bc4   0x08005bc4   0x00000008   Data   RO         5219    .constdata          font.o
    0x08005bcc   0x08005bcc   0x000000b4   Data   RO         5226    .constdata          font.o
    0x08005c80   0x08005c80   0x00000010   Data   RO         5227    .constdata          font.o
    0x08005c90   0x08005c90   0x00000008   Data   RO         5793    .constdata          c_w.l(_printf_wctomb.o)
    0x08005c98   0x08005c98   0x00000028   Data   RO         5822    .constdata          c_w.l(_printf_hex_int_ll_ptr.o)
    0x08005cc0   0x08005cc0   0x00000011   Data   RO         5842    .constdata          c_w.l(__printf_flags_ss_wp.o)
    0x08005cd1   0x08005cd1   0x00000026   Data   RO         5908    .constdata          c_w.l(_printf_fp_hex.o)
    0x08005cf7   0x08005cf7   0x00000001   PAD
    0x08005cf8   0x08005cf8   0x00000094   Data   RO         5931    .constdata          c_w.l(bigflt0.o)
    0x08005d8c   0x08005d8c   0x00000018   Data   RO          249    .conststring        freertos.o
    0x08005da4   0x08005da4   0x00000020   Data   RO         6104    Region$$Table       anon$$obj.o
    0x08005dc4   0x08005dc4   0x0000001c   Data   RO         5955    locale$$data        c_w.l(lc_numeric_c.o)
    0x08005de0   0x08005de0   0x00000110   Data   RO         5975    locale$$data        c_w.l(lc_ctype_c.o)


    Execution Region RW_IRAM1 (Exec base: 0x20000000, Load base: 0x08005ef0, Size: 0x00001c68, Max: 0x00005000, ABSOLUTE)

    Exec Addr    Load Addr    Size         Type   Attr      Idx    E Section Name        Object

    0x20000000   0x08005ef0   0x00000008   Data   RW          250    .data               freertos.o
    0x20000008   0x08005ef8   0x0000000c   Data   RW         1930    .data               stm32f1xx_hal.o
    0x20000014   0x08005f04   0x00000004   Data   RW         3711    .data               system_stm32f1xx.o
    0x20000018   0x08005f08   0x0000003c   Data   RW         4272    .data               tasks.o
    0x20000054   0x08005f44   0x00000020   Data   RW         4925    .data               heap_4.o
    0x20000074   0x08005f64   0x0000000c   Data   RW         4993    .data               port.o
    0x20000080   0x08005f70   0x0000000a   Data   RW         5085    .data               nrf24l01.o
    0x2000008a   0x08005f7a   0x00000004   Data   RW         5272    .data               oled.o
    0x2000008e   0x08005f7e   0x00000002   Data   RW         5448    .data               nrf24l01_recive.o
    0x20000090   0x08005f80   0x00000004   Data   RW         5449    .data               nrf24l01_recive.o
    0x20000094   0x08005f84   0x00000004   Data   RW         5450    .data               nrf24l01_recive.o
    0x20000098   0x08005f88   0x00000004   Data   RW         5451    .data               nrf24l01_recive.o
    0x2000009c   0x08005f8c   0x00000002   Data   RW         5452    .data               nrf24l01_recive.o
    0x2000009e   0x08005f8e   0x00000002   PAD
    0x200000a0        -       0x00000254   Zero   RW          247    .bss                freertos.o
    0x200002f4        -       0x00000060   Zero   RW          324    .bss                adc.o
    0x20000354        -       0x00000054   Zero   RW          371    .bss                i2c.o
    0x200003a8        -       0x00000058   Zero   RW          413    .bss                spi.o
    0x20000400        -       0x00000048   Zero   RW          573    .bss                stm32f1xx_hal_timebase_tim.o
    0x20000448        -       0x000000f0   Zero   RW         4271    .bss                tasks.o
    0x20000538        -       0x00000c00   Zero   RW         4924    .bss                heap_4.o
    0x20001138        -       0x00000024   Zero   RW         5084    .bss                nrf24l01.o
    0x2000115c        -       0x00000481   Zero   RW         5271    .bss                oled.o
    0x200015dd        -       0x00000012   Zero   RW         5562    .bss                remoter.o
    0x200015ef        -       0x00000012   Zero   RW         5631    .bss                key.o
    0x20001601   0x08005f8e   0x00000003   PAD
    0x20001604        -       0x00000060   Zero   RW         5971    .bss                c_w.l(libspace.o)
    0x20001664   0x08005f8e   0x00000004   PAD
    0x20001668        -       0x00000200   Zero   RW            2    HEAP                startup_stm32f103xb.o
    0x20001868        -       0x00000400   Zero   RW            1    STACK               startup_stm32f103xb.o


==============================================================================

Image component sizes


      Code (inc. data)   RO Data    RW Data    ZI Data      Debug   Object Name

       300         36          0          0         96       2190   adc.o
       126          0          0          0          0      22855   cmsis_os.o
         0          0          0          0          0      16928   event_groups.o
         0          0       1724          0          0       1717   font.o
        88         12         80          8        596       2432   freertos.o
       268         20          0          0          0        943   gpio.o
       480         26          0         32       3072       7335   heap_4.o
       176         30          0          0         84       1613   i2c.o
       216         12          0          0         18       2657   key.o
       138          0          0          0          0       3314   list.o
       194          6          0          0          0     480748   main.o
       646         26          0         10         36       8432   nrf24l01.o
        32         10          0         16          0       2432   nrf24l01_recive.o
      1012         28          0          4       1153      10747   oled.o
        60          6          0          0          0       1282   oled_printf.o
       578         60          0         12          0      10084   port.o
       422         92          0          0         18       4022   remoter.o
       184         22          0          0         88       1569   spi.o
        64         26        236          0       1536        784   startup_stm32f103xb.o
       100         18          0         12          0       5086   stm32f1xx_hal.o
       628         22          0          0          0       3160   stm32f1xx_hal_adc.o
       158         14          0          0          0      28186   stm32f1xx_hal_cortex.o
       534         38          0          0          0       3311   stm32f1xx_hal_gpio.o
      1506         30          0          0          0       8165   stm32f1xx_hal_i2c.o
        72         10          0          0          0        854   stm32f1xx_hal_msp.o
      1456         88         18          0          0       6494   stm32f1xx_hal_rcc.o
       268         12          0          0          0       1412   stm32f1xx_hal_rcc_ex.o
       942          4          0          0          0       4593   stm32f1xx_hal_spi.o
       616         26          0          0          0       6170   stm32f1xx_hal_tim.o
         4          0          0          0          0       1485   stm32f1xx_hal_tim_ex.o
       152         20          0          0         72       1491   stm32f1xx_hal_timebase_tim.o
       104          6          0          0          0       5044   stm32f1xx_it.o
         0          0          0          0          0        432   stream_buffer.o
         2          0         24          4          0       1059   system_stm32f1xx.o
      1616        120          0         60        240      19897   tasks.o

    ----------------------------------------------------------------------
     13172        820       2116        160       7012     678923   Object Totals
         0          0         32          0          0          0   (incl. Generated)
        30          0          2          2          3          0   (incl. Padding)

    ----------------------------------------------------------------------

      Code (inc. data)   RO Data    RW Data    ZI Data      Debug   Library Member Name

         8          0          0          0          0         68   __main.o
       392          4         17          0          0         92   __printf_flags_ss_wp.o
        14          0          0          0          0         68   __printf_wp.o
         0          0          0          0          0          0   __rtentry.o
        12          0          0          0          0          0   __rtentry2.o
         6          0          0          0          0          0   __rtentry4.o
        52          8          0          0          0          0   __scatter.o
        26          0          0          0          0          0   __scatter_copy.o
        28          0          0          0          0          0   __scatter_zi.o
         6          0          0          0          0          0   _printf_a.o
         6          0          0          0          0          0   _printf_c.o
        44          0          0          0          0        108   _printf_char.o
        48          6          0          0          0         96   _printf_char_common.o
        40          0          0          0          0         68   _printf_charcount.o
         6          0          0          0          0          0   _printf_d.o
       120         16          0          0          0         92   _printf_dec.o
         6          0          0          0          0          0   _printf_e.o
         6          0          0          0          0          0   _printf_f.o
      1054          0          0          0          0        216   _printf_fp_dec.o
       764          8         38          0          0        100   _printf_fp_hex.o
       128         16          0          0          0         84   _printf_fp_infnan.o
         6          0          0          0          0          0   _printf_g.o
       148          4         40          0          0        160   _printf_hex_int_ll_ptr.o
         6          0          0          0          0          0   _printf_i.o
       178          0          0          0          0         88   _printf_intcommon.o
        10          0          0          0          0          0   _printf_l.o
         6          0          0          0          0          0   _printf_lc.o
        10          0          0          0          0          0   _printf_ll.o
         6          0          0          0          0          0   _printf_lld.o
         6          0          0          0          0          0   _printf_lli.o
         6          0          0          0          0          0   _printf_llo.o
         6          0          0          0          0          0   _printf_llu.o
         6          0          0          0          0          0   _printf_llx.o
       124         16          0          0          0         92   _printf_longlong_dec.o
         6          0          0          0          0          0   _printf_ls.o
         6          0          0          0          0          0   _printf_n.o
         6          0          0          0          0          0   _printf_o.o
       112         10          0          0          0        124   _printf_oct_int_ll.o
         6          0          0          0          0          0   _printf_p.o
        78          0          0          0          0        108   _printf_pad.o
         0          0          0          0          0          0   _printf_percent.o
         4          0          0          0          0          0   _printf_percent_end.o
         6          0          0          0          0          0   _printf_s.o
        82          0          0          0          0         80   _printf_str.o
        36          0          0          0          0         84   _printf_truncate.o
         6          0          0          0          0          0   _printf_u.o
        44          0          0          0          0        108   _printf_wchar.o
       188          6          8          0          0         92   _printf_wctomb.o
         6          0          0          0          0          0   _printf_x.o
        16          0          0          0          0         68   _snputc.o
        10          0          0          0          0         68   _sputc.o
        64          0          0          0          0         92   _wcrtomb.o
       228          4        148          0          0         96   bigflt0.o
      1936        128          0          0          0        672   btod.o
        18          0          0          0          0         80   exit.o
         6          0          0          0          0        152   heapauxi.o
         0          0          0          0          0          0   indicate_semi.o
        44         10        272          0          0         76   lc_ctype_c.o
        44         10         28          0          0         76   lc_numeric_c.o
         2          0          0          0          0          0   libinit.o
        30          0          0          0          0          0   libinit2.o
         2          0          0          0          0          0   libshutdown.o
         2          0          0          0          0          0   libshutdown2.o
         8          4          0          0         96         68   libspace.o
       138          0          0          0          0         80   lludiv10.o
        88          0          0          0          0         76   memcmp.o
        16          4          0          0          0         76   rt_ctype_table.o
         8          4          0          0          0         68   rt_locale_intlibspace.o
        68          0          0          0          0         68   rt_memclr.o
        78          0          0          0          0         80   rt_memclr_w.o
       138          0          0          0          0         68   rt_memcpy_v6.o
       100          0          0          0          0         80   rt_memcpy_w.o
         2          0          0          0          0          0   rtexit.o
        10          0          0          0          0          0   rtexit2.o
       128          0          0          0          0         68   strcmpv7m.o
        12          4          0          0          0         68   sys_exit.o
        74          0          0          0          0         80   sys_stackheap_outer.o
         2          0          0          0          0         68   use_no_semi.o
        52          4          0          0          0         80   vsnprintf.o
        12          0          0          0          0         68   dretinf.o
        86          4          0          0          0         84   f2d.o
       430          8          0          0          0        168   faddsub_clz.o
        24          0          0          0          0         68   fcmpi.o
        38          0          0          0          0         68   fflt_clz.o
       104          4          0          0          0         84   fleqf.o
       258          4          0          0          0         84   fmul.o
       140          4          0          0          0         84   fnaninf.o
        10          0          0          0          0         68   fretinf.o
        98          0          0          0          0         68   frleqf.o
         4          0          0          0          0         68   printf1.o
         4          0          0          0          0         68   printf2.o
         0          0          0          0          0          0   usenofp.o
        40          0          0          0          0         68   fpclassify.o

    ----------------------------------------------------------------------
      8464        290        552          0        100       5384   Library Totals
        22          0          1          0          4          0   (incl. Padding)

    ----------------------------------------------------------------------

      Code (inc. data)   RO Data    RW Data    ZI Data      Debug   Library Name

      7194        266        551          0         96       4336   c_w.l
      1208         24          0          0          0        980   fz_ws.l
        40          0          0          0          0         68   m_ws.l

    ----------------------------------------------------------------------
      8464        290        552          0        100       5384   Library Totals

    ----------------------------------------------------------------------

==============================================================================


      Code (inc. data)   RO Data    RW Data    ZI Data      Debug   

     21636       1110       2668        160       7112     673539   Grand Totals
     21636       1110       2668        160       7112     673539   ELF Image Totals
     21636       1110       2668        160          0          0   ROM Totals

==============================================================================

    Total RO  Size (Code + RO Data)                24304 (  23.73kB)
    Total RW  Size (RW Data + ZI Data)              7272 (   7.10kB)
    Total ROM Size (Code + RO Data + RW Data)      24464 (  23.89kB)

==============================================================================

